Archive member included to satisfy reference by file (symbol)

/home/jeison/st/stm32cubeide_1.2.0/plugins/com.st.stm32cube.ide.mcu.externaltools.gnu-tools-for-stm32.7-2018-q2-update.linux64_1.0.0.201904181610/tools/bin/../lib/gcc/arm-none-eabi/7.3.1/../../../../arm-none-eabi/lib/thumb/v7-m/libc_nano.a(lib_a-errno.o)
                              Core/Src/syscalls.o (__errno)
/home/jeison/st/stm32cubeide_1.2.0/plugins/com.st.stm32cube.ide.mcu.externaltools.gnu-tools-for-stm32.7-2018-q2-update.linux64_1.0.0.201904181610/tools/bin/../lib/gcc/arm-none-eabi/7.3.1/../../../../arm-none-eabi/lib/thumb/v7-m/libc_nano.a(lib_a-exit.o)
                              /home/jeison/st/stm32cubeide_1.2.0/plugins/com.st.stm32cube.ide.mcu.externaltools.gnu-tools-for-stm32.7-2018-q2-update.linux64_1.0.0.201904181610/tools/bin/../lib/gcc/arm-none-eabi/7.3.1/../../../../arm-none-eabi/lib/thumb/v7-m/crt0.o (exit)
/home/jeison/st/stm32cubeide_1.2.0/plugins/com.st.stm32cube.ide.mcu.externaltools.gnu-tools-for-stm32.7-2018-q2-update.linux64_1.0.0.201904181610/tools/bin/../lib/gcc/arm-none-eabi/7.3.1/../../../../arm-none-eabi/lib/thumb/v7-m/libc_nano.a(lib_a-impure.o)
                              /home/jeison/st/stm32cubeide_1.2.0/plugins/com.st.stm32cube.ide.mcu.externaltools.gnu-tools-for-stm32.7-2018-q2-update.linux64_1.0.0.201904181610/tools/bin/../lib/gcc/arm-none-eabi/7.3.1/../../../../arm-none-eabi/lib/thumb/v7-m/libc_nano.a(lib_a-exit.o) (_global_impure_ptr)
/home/jeison/st/stm32cubeide_1.2.0/plugins/com.st.stm32cube.ide.mcu.externaltools.gnu-tools-for-stm32.7-2018-q2-update.linux64_1.0.0.201904181610/tools/bin/../lib/gcc/arm-none-eabi/7.3.1/../../../../arm-none-eabi/lib/thumb/v7-m/libc_nano.a(lib_a-init.o)
                              /home/jeison/st/stm32cubeide_1.2.0/plugins/com.st.stm32cube.ide.mcu.externaltools.gnu-tools-for-stm32.7-2018-q2-update.linux64_1.0.0.201904181610/tools/bin/../lib/gcc/arm-none-eabi/7.3.1/../../../../arm-none-eabi/lib/thumb/v7-m/crt0.o (__libc_init_array)
/home/jeison/st/stm32cubeide_1.2.0/plugins/com.st.stm32cube.ide.mcu.externaltools.gnu-tools-for-stm32.7-2018-q2-update.linux64_1.0.0.201904181610/tools/bin/../lib/gcc/arm-none-eabi/7.3.1/../../../../arm-none-eabi/lib/thumb/v7-m/libc_nano.a(lib_a-memset.o)
                              /home/jeison/st/stm32cubeide_1.2.0/plugins/com.st.stm32cube.ide.mcu.externaltools.gnu-tools-for-stm32.7-2018-q2-update.linux64_1.0.0.201904181610/tools/bin/../lib/gcc/arm-none-eabi/7.3.1/../../../../arm-none-eabi/lib/thumb/v7-m/crt0.o (memset)
/home/jeison/st/stm32cubeide_1.2.0/plugins/com.st.stm32cube.ide.mcu.externaltools.gnu-tools-for-stm32.7-2018-q2-update.linux64_1.0.0.201904181610/tools/bin/../lib/gcc/arm-none-eabi/7.3.1/../../../../arm-none-eabi/lib/thumb/v7-m/libc_nano.a(lib_a-sprintf.o)
                              Core/Src/main.o (sprintf)
/home/jeison/st/stm32cubeide_1.2.0/plugins/com.st.stm32cube.ide.mcu.externaltools.gnu-tools-for-stm32.7-2018-q2-update.linux64_1.0.0.201904181610/tools/bin/../lib/gcc/arm-none-eabi/7.3.1/../../../../arm-none-eabi/lib/thumb/v7-m/libc_nano.a(lib_a-nano-svfprintf.o)
                              /home/jeison/st/stm32cubeide_1.2.0/plugins/com.st.stm32cube.ide.mcu.externaltools.gnu-tools-for-stm32.7-2018-q2-update.linux64_1.0.0.201904181610/tools/bin/../lib/gcc/arm-none-eabi/7.3.1/../../../../arm-none-eabi/lib/thumb/v7-m/libc_nano.a(lib_a-sprintf.o) (_svfprintf_r)
/home/jeison/st/stm32cubeide_1.2.0/plugins/com.st.stm32cube.ide.mcu.externaltools.gnu-tools-for-stm32.7-2018-q2-update.linux64_1.0.0.201904181610/tools/bin/../lib/gcc/arm-none-eabi/7.3.1/../../../../arm-none-eabi/lib/thumb/v7-m/libc_nano.a(lib_a-nano-vfprintf_i.o)
                              /home/jeison/st/stm32cubeide_1.2.0/plugins/com.st.stm32cube.ide.mcu.externaltools.gnu-tools-for-stm32.7-2018-q2-update.linux64_1.0.0.201904181610/tools/bin/../lib/gcc/arm-none-eabi/7.3.1/../../../../arm-none-eabi/lib/thumb/v7-m/libc_nano.a(lib_a-nano-svfprintf.o) (_printf_i)
/home/jeison/st/stm32cubeide_1.2.0/plugins/com.st.stm32cube.ide.mcu.externaltools.gnu-tools-for-stm32.7-2018-q2-update.linux64_1.0.0.201904181610/tools/bin/../lib/gcc/arm-none-eabi/7.3.1/../../../../arm-none-eabi/lib/thumb/v7-m/libc_nano.a(lib_a-memchr-stub.o)
                              /home/jeison/st/stm32cubeide_1.2.0/plugins/com.st.stm32cube.ide.mcu.externaltools.gnu-tools-for-stm32.7-2018-q2-update.linux64_1.0.0.201904181610/tools/bin/../lib/gcc/arm-none-eabi/7.3.1/../../../../arm-none-eabi/lib/thumb/v7-m/libc_nano.a(lib_a-nano-svfprintf.o) (memchr)
/home/jeison/st/stm32cubeide_1.2.0/plugins/com.st.stm32cube.ide.mcu.externaltools.gnu-tools-for-stm32.7-2018-q2-update.linux64_1.0.0.201904181610/tools/bin/../lib/gcc/arm-none-eabi/7.3.1/../../../../arm-none-eabi/lib/thumb/v7-m/libc_nano.a(lib_a-memcpy-stub.o)
[...]
Memory Configuration

Name             Origin             Length             Attributes
RAM              0x0000000020000000 0x0000000000005000 xrw
FLASH            0x0000000008000000 0x0000000000010000 xr
*default*        0x0000000000000000 0xffffffffffffffff

Linker script and memory map

LOAD /home/jeison/st/stm32cubeide_1.2.0/plugins/com.st.stm32cube.ide.mcu.externaltools.gnu-tools-for-stm32.7-2018-q2-update.linux64_1.0.0.201904181610/tools/bin/../lib/gcc/arm-none-eabi/7.3.1/thumb/v7-m/crti.o
LOAD /home/jeison/st/stm32cubeide_1.2.0/plugins/com.st.stm32cube.ide.mcu.externaltools.gnu-tools-for-stm32.7-2018-q2-update.linux64_1.0.0.201904181610/tools/bin/../lib/gcc/arm-none-eabi/7.3.1/thumb/v7-m/crtbegin.o
LOAD /home/jeison/st/stm32cubeide_1.2.0/plugins/com.st.stm32cube.ide.mcu.externaltools.gnu-tools-for-stm32.7-2018-q2-update.linux64_1.0.0.201904181610/tools/bin/../lib/gcc/arm-none-eabi/7.3.1/../../../../arm-none-eabi/lib/thumb/v7-m/crt0.o
LOAD Core/Src/main.o
LOAD Core/Src/stm32f1xx_hal_msp.o
LOAD Core/Src/stm32f1xx_it.o
LOAD Core/Src/syscalls.o
LOAD Core/Src/sysmem.o
LOAD Core/Src/system_stm32f1xx.o
LOAD Core/Startup/startup_stm32f103c8tx.o
LOAD Drivers/STM32F1xx_HAL_Driver/Src/stm32f1xx_hal.o
LOAD Drivers/STM32F1xx_HAL_Driver/Src/stm32f1xx_hal_cortex.o
LOAD Drivers/STM32F1xx_HAL_Driver/Src/stm32f1xx_hal_dma.o
LOAD Drivers/STM32F1xx_HAL_Driver/Src/stm32f1xx_hal_exti.o
LOAD Drivers/STM32F1xx_HAL_Driver/Src/stm32f1xx_hal_flash.o
LOAD Drivers/STM32F1xx_HAL_Driver/Src/stm32f1xx_hal_flash_ex.o
LOAD Drivers/STM32F1xx_HAL_Driver/Src/stm32f1xx_hal_gpio.o
LOAD Drivers/STM32F1xx_HAL_Driver/Src/stm32f1xx_hal_gpio_ex.o
LOAD Drivers/STM32F1xx_HAL_Driver/Src/stm32f1xx_hal_i2c.o
LOAD Drivers/STM32F1xx_HAL_Driver/Src/stm32f1xx_hal_pcd.o
LOAD Drivers/STM32F1xx_HAL_Driver/Src/stm32f1xx_hal_pcd_ex.o
LOAD Drivers/STM32F1xx_HAL_Driver/Src/stm32f1xx_hal_pwr.o
LOAD Drivers/STM32F1xx_HAL_Driver/Src/stm32f1xx_hal_rcc.o
LOAD Drivers/STM32F1xx_HAL_Driver/Src/stm32f1xx_hal_rcc_ex.o
LOAD Drivers/STM32F1xx_HAL_Driver/Src/stm32f1xx_hal_tim.o
LOAD Drivers/STM32F1xx_HAL_Driver/Src/stm32f1xx_hal_tim_ex.o
LOAD Drivers/STM32F1xx_HAL_Driver/Src/stm32f1xx_ll_usb.o
LOAD Middlewares/ST/STM32_USB_Device_Library/Class/CDC/Src/usbd_cdc.o
LOAD Middlewares/ST/STM32_USB_Device_Library/Core/Src/usbd_core.o
LOAD Middlewares/ST/STM32_USB_Device_Library/Core/Src/usbd_ctlreq.o
LOAD Middlewares/ST/STM32_USB_Device_Library/Core/Src/usbd_ioreq.o
LOAD USB_DEVICE/App/usb_device.o
LOAD USB_DEVICE/App/usbd_cdc_if.o
LOAD USB_DEVICE/App/usbd_desc.o
LOAD USB_DEVICE/Target/usbd_conf.o
START GROUP
LOAD /home/jeison/st/stm32cubeide_1.2.0/plugins/com.st.stm32cube.ide.mcu.externaltools.gnu-tools-for-stm32.7-2018-q2-update.linux64_1.0.0.201904181610/tools/bin/../lib/gcc/arm-none-eabi/7.3.1/../../../../arm-none-eabi/lib/thumb/v7-m/libstdc++_nano.a
LOAD /home/jeison/st/stm32cubeide_1.2.0/plugins/com.st.stm32cube.ide.mcu.externaltools.gnu-tools-for-stm32.7-2018-q2-update.linux64_1.0.0.201904181610/tools/bin/../lib/gcc/arm-none-eabi/7.3.1/../../../../arm-none-eabi/lib/thumb/v7-m/libsupc++_nano.a
END GROUP
LOAD /home/jeison/st/stm32cubeide_1.2.0/plugins/com.st.stm32cube.ide.mcu.externaltools.gnu-tools-for-stm32.7-2018-q2-update.linux64_1.0.0.201904181610/tools/bin/../lib/gcc/arm-none-eabi/7.3.1/../../../../arm-none-eabi/lib/thumb/v7-m/libstdc++_nano.a
LOAD /home/jeison/st/stm32cubeide_1.2.0/plugins/com.st.stm32cube.ide.mcu.externaltools.gnu-tools-for-stm32.7-2018-q2-update.linux64_1.0.0.201904181610/tools/bin/../lib/gcc/arm-none-eabi/7.3.1/../../../../arm-none-eabi/lib/thumb/v7-m/libm.a
LOAD /home/jeison/st/stm32cubeide_1.2.0/plugins/com.st.stm32cube.ide.mcu.externaltools.gnu-tools-for-stm32.7-2018-q2-update.linux64_1.0.0.201904181610/tools/bin/../lib/gcc/arm-none-eabi/7.3.1/../../../../arm-none-eabi/lib/thumb/v7-m/libc_nano.a
START GROUP
LOAD /home/jeison/st/stm32cubeide_1.2.0/plugins/com.st.stm32cube.ide.mcu.externaltools.gnu-tools-for-stm32.7-2018-q2-update.linux64_1.0.0.201904181610/tools/bin/../lib/gcc/arm-none-eabi/7.3.1/thumb/v7-m/libgcc.a
LOAD /home/jeison/st/stm32cubeide_1.2.0/plugins/com.st.stm32cube.ide.mcu.externaltools.gnu-tools-for-stm32.7-2018-q2-update.linux64_1.0.0.201904181610/tools/bin/../lib/gcc/arm-none-eabi/7.3.1/../../../../arm-none-eabi/lib/thumb/v7-m/libc_nano.a
END GROUP
START GROUP
LOAD /home/jeison/st/stm32cubeide_1.2.0/plugins/com.st.stm32cube.ide.mcu.externaltools.gnu-tools-for-stm32.7-2018-q2-update.linux64_1.0.0.201904181610/tools/bin/../lib/gcc/arm-none-eabi/7.3.1/thumb/v7-m/libgcc.a
LOAD /home/jeison/st/stm32cubeide_1.2.0/plugins/com.st.stm32cube.ide.mcu.externaltools.gnu-tools-for-stm32.7-2018-q2-update.linux64_1.0.0.201904181610/tools/bin/../lib/gcc/arm-none-eabi/7.3.1/../../../../arm-none-eabi/lib/thumb/v7-m/libc_nano.a
LOAD /home/jeison/st/stm32cubeide_1.2.0/plugins/com.st.stm32cube.ide.mcu.externaltools.gnu-tools-for-stm32.7-2018-q2-update.linux64_1.0.0.201904181610/tools/bin/../lib/gcc/arm-none-eabi/7.3.1/../../../../arm-none-eabi/lib/thumb/v7-m/libnosys.a
END GROUP
START GROUP
LOAD /home/jeison/st/stm32cubeide_1.2.0/plugins/com.st.stm32cube.ide.mcu.externaltools.gnu-tools-for-stm32.7-2018-q2-update.linux64_1.0.0.201904181610/tools/bin/../lib/gcc/arm-none-eabi/7.3.1/thumb/v7-m/libgcc.a
LOAD /home/jeison/st/stm32cubeide_1.2.0/plugins/com.st.stm32cube.ide.mcu.externaltools.gnu-tools-for-stm32.7-2018-q2-update.linux64_1.0.0.201904181610/tools/bin/../lib/gcc/arm-none-eabi/7.3.1/../../../../arm-none-eabi/lib/thumb/v7-m/libc_nano.a
LOAD /home/jeison/st/stm32cubeide_1.2.0/plugins/com.st.stm32cube.ide.mcu.externaltools.gnu-tools-for-stm32.7-2018-q2-update.linux64_1.0.0.201904181610/tools/bin/../lib/gcc/arm-none-eabi/7.3.1/../../../../arm-none-eabi/lib/thumb/v7-m/libnosys.a
END GROUP
LOAD /home/jeison/st/stm32cubeide_1.2.0/plugins/com.st.stm32cube.ide.mcu.externaltools.gnu-tools-for-stm32.7-2018-q2-update.linux64_1.0.0.201904181610/tools/bin/../lib/gcc/arm-none-eabi/7.3.1/thumb/v7-m/crtend.o
LOAD /home/jeison/st/stm32cubeide_1.2.0/plugins/com.st.stm32cube.ide.mcu.externaltools.gnu-tools-for-stm32.7-2018-q2-update.linux64_1.0.0.201904181610/tools/bin/../lib/gcc/arm-none-eabi/7.3.1/thumb/v7-m/crtn.o
                0x0000000020005000                _estack = (ORIGIN (RAM) + LENGTH (RAM))
                0x0000000000000200                _Min_Heap_Size = 0x200
                0x0000000000000400                _Min_Stack_Size = 0x400

.isr_vector     0x0000000008000000      0x10c
                0x0000000008000000                . = ALIGN (0x4)
 *(.isr_vector)
 .isr_vector    0x0000000008000000      0x10c Core/Startup/startup_stm32f103c8tx.o
                0x0000000008000000                g_pfnVectors
                0x000000000800010c                . = ALIGN (0x4)

.text           0x000000000800010c     0x6314
                0x000000000800010c                . = ALIGN (0x4)
 *(.text)
 .text          0x000000000800010c       0x40 /home/jeison/st/stm32cubeide_1.2.0/plugins/com.st.stm32cube.ide.mcu.externaltools.gnu-tools-for-stm32.7-2018-q2-update.linux64_1.0.0.201904181610/tools/bin/../lib/gcc/arm-none-eabi/7.3.1/thumb/v7-m/crtbegin.o
 *(.text*)
 .text.main     0x000000000800014c       0xdc Core/Src/main.o
                0x000000000800014c                main
 .text.SystemClock_Config
                0x0000000008000228       0xb4 Core/Src/main.o
                0x0000000008000228                SystemClock_Config
 .text.MX_I2C1_Init
                0x00000000080002dc       0x5c Core/Src/main.o
 .text.MX_GPIO_Init
                0x0000000008000338       0xb0 Core/Src/main.o
 .text.Error_Handler
                0x00000000080003e8        0xc Core/Src/main.o
                0x00000000080003e8                Error_Handler
 .text.HAL_MspInit
                0x00000000080003f4       0x64 Core/Src/stm32f1xx_hal_msp.o
                0x00000000080003f4                HAL_MspInit
 .text.HAL_I2C_MspInit
                0x0000000008000458       0xa0 Core/Src/stm32f1xx_hal_msp.o
                0x0000000008000458                HAL_I2C_MspInit
 .text.NMI_Handler
                0x00000000080004f8        0xc Core/Src/stm32f1xx_it.o
                0x00000000080004f8                NMI_Handler
 .text.HardFault_Handler
                0x0000000008000504        0x6 Core/Src/stm32f1xx_it.o
                0x0000000008000504                HardFault_Handler
 .text.MemManage_Handler
                0x000000000800050a        0x6 Core/Src/stm32f1xx_it.o
                0x000000000800050a                MemManage_Handler
 .text.BusFault_Handler
                0x0000000008000510        0x6 Core/Src/stm32f1xx_it.o
                0x0000000008000510                BusFault_Handler
 .text.UsageFault_Handler
                0x0000000008000516        0x6 Core/Src/stm32f1xx_it.o
                0x0000000008000516                UsageFault_Handler
 .text.SVC_Handler
                0x000000000800051c        0xc Core/Src/stm32f1xx_it.o
                0x000000000800051c                SVC_Handler
 .text.DebugMon_Handler
                0x0000000008000528        0xc Core/Src/stm32f1xx_it.o
                0x0000000008000528                DebugMon_Handler
 .text.PendSV_Handler
                0x0000000008000534        0xc Core/Src/stm32f1xx_it.o
                0x0000000008000534                PendSV_Handler
 .text.SysTick_Handler
                0x0000000008000540        0xc Core/Src/stm32f1xx_it.o
                0x0000000008000540                SysTick_Handler
 .text.USB_LP_CAN1_RX0_IRQHandler
                0x000000000800054c       0x14 Core/Src/stm32f1xx_it.o
                0x000000000800054c                USB_LP_CAN1_RX0_IRQHandler
 .text._sbrk    0x0000000008000560       0x58 Core/Src/sysmem.o
                0x0000000008000560                _sbrk
 .text.SystemInit
                0x00000000080005b8       0x68 Core/Src/system_stm32f1xx.o
                0x00000000080005b8                SystemInit
 .text.Reset_Handler
                0x0000000008000620       0x48 Core/Startup/startup_stm32f103c8tx.o
                0x0000000008000620                Reset_Handler
 .text.Default_Handler
                0x0000000008000668        0x2 Core/Startup/startup_stm32f103c8tx.o
                0x0000000008000668                RTC_Alarm_IRQHandler
                0x0000000008000668                EXTI2_IRQHandler
                0x0000000008000668                TIM1_CC_IRQHandler
                0x0000000008000668                PVD_IRQHandler
                0x0000000008000668                EXTI3_IRQHandler
                0x0000000008000668                EXTI0_IRQHandler
                0x0000000008000668                I2C2_EV_IRQHandler
                0x0000000008000668                ADC1_2_IRQHandler
                0x0000000008000668                SPI1_IRQHandler
                0x0000000008000668                TAMPER_IRQHandler
                0x0000000008000668                DMA1_Channel4_IRQHandler
                0x0000000008000668                USART3_IRQHandler
                0x0000000008000668                RTC_IRQHandler
                0x0000000008000668                DMA1_Channel7_IRQHandler
                0x0000000008000668                CAN1_RX1_IRQHandler
                0x0000000008000668                TIM4_IRQHandler
                0x0000000008000668                I2C1_EV_IRQHandler
                0x0000000008000668                DMA1_Channel6_IRQHandler
                0x0000000008000668                TIM3_IRQHandler
                0x0000000008000668                RCC_IRQHandler
                0x0000000008000668                TIM1_TRG_COM_IRQHandler
                0x0000000008000668                DMA1_Channel1_IRQHandler
                0x0000000008000668                Default_Handler
                0x0000000008000668                EXTI15_10_IRQHandler
                0x0000000008000668                EXTI9_5_IRQHandler
                0x0000000008000668                SPI2_IRQHandler
                0x0000000008000668                DMA1_Channel5_IRQHandler
                0x0000000008000668                EXTI4_IRQHandler
                0x0000000008000668                USB_HP_CAN1_TX_IRQHandler
                0x0000000008000668                DMA1_Channel3_IRQHandler
                0x0000000008000668                TIM1_UP_IRQHandler
                0x0000000008000668                WWDG_IRQHandler
                0x0000000008000668                TIM2_IRQHandler
                0x0000000008000668                TIM1_BRK_IRQHandler
                0x0000000008000668                EXTI1_IRQHandler
                0x0000000008000668                USART2_IRQHandler
                0x0000000008000668                I2C2_ER_IRQHandler
                0x0000000008000668                DMA1_Channel2_IRQHandler
                0x0000000008000668                CAN1_SCE_IRQHandler
                0x0000000008000668                FLASH_IRQHandler
                0x0000000008000668                USART1_IRQHandler
                0x0000000008000668                I2C1_ER_IRQHandler
                0x0000000008000668                USBWakeUp_IRQHandler
 *fill*         0x000000000800066a        0x2 
 .text.HAL_Init
                0x000000000800066c       0x2c Drivers/STM32F1xx_HAL_Driver/Src/stm32f1xx_hal.o
                0x000000000800066c                HAL_Init
 .text.HAL_InitTick
                0x0000000008000698       0x60 Drivers/STM32F1xx_HAL_Driver/Src/stm32f1xx_hal.o
                0x0000000008000698                HAL_InitTick
 .text.HAL_IncTick
                0x00000000080006f8       0x24 Drivers/STM32F1xx_HAL_Driver/Src/stm32f1xx_hal.o
                0x00000000080006f8                HAL_IncTick
 .text.HAL_GetTick
                0x000000000800071c       0x14 Drivers/STM32F1xx_HAL_Driver/Src/stm32f1xx_hal.o
                0x000000000800071c                HAL_GetTick
 .text.HAL_Delay
                0x0000000008000730       0x44 Drivers/STM32F1xx_HAL_Driver/Src/stm32f1xx_hal.o
                0x0000000008000730                HAL_Delay
 .text.__NVIC_SetPriorityGrouping
                0x0000000008000774       0x48 Drivers/STM32F1xx_HAL_Driver/Src/stm32f1xx_hal_cortex.o
 .text.__NVIC_GetPriorityGrouping
                0x00000000080007bc       0x1c Drivers/STM32F1xx_HAL_Driver/Src/stm32f1xx_hal_cortex.o
 .text.__NVIC_EnableIRQ
                0x00000000080007d8       0x38 Drivers/STM32F1xx_HAL_Driver/Src/stm32f1xx_hal_cortex.o
 .text.__NVIC_SetPriority
                0x0000000008000810       0x54 Drivers/STM32F1xx_HAL_Driver/Src/stm32f1xx_hal_cortex.o
 .text.NVIC_EncodePriority
                0x0000000008000864       0x64 Drivers/STM32F1xx_HAL_Driver/Src/stm32f1xx_hal_cortex.o
 .text.SysTick_Config
                0x00000000080008c8       0x44 Drivers/STM32F1xx_HAL_Driver/Src/stm32f1xx_hal_cortex.o
 .text.HAL_NVIC_SetPriorityGrouping
                0x000000000800090c       0x16 Drivers/STM32F1xx_HAL_Driver/Src/stm32f1xx_hal_cortex.o
                0x000000000800090c                HAL_NVIC_SetPriorityGrouping
 .text.HAL_NVIC_SetPriority
                0x0000000008000922       0x38 Drivers/STM32F1xx_HAL_Driver/Src/stm32f1xx_hal_cortex.o
                0x0000000008000922                HAL_NVIC_SetPriority
 .text.HAL_NVIC_EnableIRQ
                0x000000000800095a       0x1c Drivers/STM32F1xx_HAL_Driver/Src/stm32f1xx_hal_cortex.o
                0x000000000800095a                HAL_NVIC_EnableIRQ
 .text.HAL_SYSTICK_Config
                0x0000000008000976       0x18 Drivers/STM32F1xx_HAL_Driver/Src/stm32f1xx_hal_cortex.o
                0x0000000008000976                HAL_SYSTICK_Config
 *fill*         0x000000000800098e        0x2 
 .text.HAL_GPIO_Init
                0x0000000008000990      0x2b4 Drivers/STM32F1xx_HAL_Driver/Src/stm32f1xx_hal_gpio.o
                0x0000000008000990                HAL_GPIO_Init
 .text.HAL_GPIO_WritePin
                0x0000000008000c44       0x30 Drivers/STM32F1xx_HAL_Driver/Src/stm32f1xx_hal_gpio.o
                0x0000000008000c44                HAL_GPIO_WritePin
 .text.HAL_I2C_Init
                0x0000000008000c74      0x250 Drivers/STM32F1xx_HAL_Driver/Src/stm32f1xx_hal_i2c.o
                0x0000000008000c74                HAL_I2C_Init
 .text.HAL_I2C_IsDeviceReady
                0x0000000008000ec4      0x244 Drivers/STM32F1xx_HAL_Driver/Src/stm32f1xx_hal_i2c.o
                0x0000000008000ec4                HAL_I2C_IsDeviceReady
 .text.I2C_WaitOnFlagUntilTimeout
                0x0000000008001108       0xae Drivers/STM32F1xx_HAL_Driver/Src/stm32f1xx_hal_i2c.o
 .text.HAL_PCD_Init
                0x00000000080011b6      0x1c2 Drivers/STM32F1xx_HAL_Driver/Src/stm32f1xx_hal_pcd.o
                0x00000000080011b6                HAL_PCD_Init
 .text.HAL_PCD_Start
                0x0000000008001378       0x4c Drivers/STM32F1xx_HAL_Driver/Src/stm32f1xx_hal_pcd.o
                0x0000000008001378                HAL_PCD_Start
 .text.HAL_PCD_IRQHandler
                0x00000000080013c4      0x21c Drivers/STM32F1xx_HAL_Driver/Src/stm32f1xx_hal_pcd.o
                0x00000000080013c4                HAL_PCD_IRQHandler
 .text.HAL_PCD_SetAddress
                0x00000000080015e0       0x4a Drivers/STM32F1xx_HAL_Driver/Src/stm32f1xx_hal_pcd.o
                0x00000000080015e0                HAL_PCD_SetAddress
 .text.HAL_PCD_EP_Open
                0x000000000800162a       0xc0 Drivers/STM32F1xx_HAL_Driver/Src/stm32f1xx_hal_pcd.o
                0x000000000800162a                HAL_PCD_EP_Open
 .text.HAL_PCD_EP_Close
                0x00000000080016ea       0x84 Drivers/STM32F1xx_HAL_Driver/Src/stm32f1xx_hal_pcd.o
                0x00000000080016ea                HAL_PCD_EP_Close
 .text.HAL_PCD_EP_Receive
                0x000000000800176e       0x74 Drivers/STM32F1xx_HAL_Driver/Src/stm32f1xx_hal_pcd.o
                0x000000000800176e                HAL_PCD_EP_Receive
 .text.HAL_PCD_EP_GetRxCount
                0x00000000080017e2       0x28 Drivers/STM32F1xx_HAL_Driver/Src/stm32f1xx_hal_pcd.o
                0x00000000080017e2                HAL_PCD_EP_GetRxCount
 .text.HAL_PCD_EP_Transmit
                0x000000000800180a       0x72 Drivers/STM32F1xx_HAL_Driver/Src/stm32f1xx_hal_pcd.o
                0x000000000800180a                HAL_PCD_EP_Transmit
 .text.HAL_PCD_EP_SetStall
                0x000000000800187c       0xb4 Drivers/STM32F1xx_HAL_Driver/Src/stm32f1xx_hal_pcd.o
                0x000000000800187c                HAL_PCD_EP_SetStall
 .text.HAL_PCD_EP_ClrStall
                0x0000000008001930       0x9c Drivers/STM32F1xx_HAL_Driver/Src/stm32f1xx_hal_pcd.o
                0x0000000008001930                HAL_PCD_EP_ClrStall
 .text.PCD_EP_ISR_Handler
                0x00000000080019cc      0x534 Drivers/STM32F1xx_HAL_Driver/Src/stm32f1xx_hal_pcd.o
 .text.HAL_PCDEx_PMAConfig
                0x0000000008001f00       0x78 Drivers/STM32F1xx_HAL_Driver/Src/stm32f1xx_hal_pcd_ex.o
                0x0000000008001f00                HAL_PCDEx_PMAConfig
 .text.HAL_RCC_OscConfig
                0x0000000008001f78      0x500 Drivers/STM32F1xx_HAL_Driver/Src/stm32f1xx_hal_rcc.o
                0x0000000008001f78                HAL_RCC_OscConfig
 .text.HAL_RCC_ClockConfig
                0x0000000008002478      0x1d4 Drivers/STM32F1xx_HAL_Driver/Src/stm32f1xx_hal_rcc.o
                0x0000000008002478                HAL_RCC_ClockConfig
 .text.HAL_RCC_GetSysClockFreq
                0x000000000800264c       0xc4 Drivers/STM32F1xx_HAL_Driver/Src/stm32f1xx_hal_rcc.o
                0x000000000800264c                HAL_RCC_GetSysClockFreq
 .text.HAL_RCC_GetHCLKFreq
                0x0000000008002710       0x14 Drivers/STM32F1xx_HAL_Driver/Src/stm32f1xx_hal_rcc.o
                0x0000000008002710                HAL_RCC_GetHCLKFreq
 .text.HAL_RCC_GetPCLK1Freq
                0x0000000008002724       0x28 Drivers/STM32F1xx_HAL_Driver/Src/stm32f1xx_hal_rcc.o
                0x0000000008002724                HAL_RCC_GetPCLK1Freq
 .text.RCC_Delay
                0x000000000800274c       0x3c Drivers/STM32F1xx_HAL_Driver/Src/stm32f1xx_hal_rcc.o
 .text.HAL_RCCEx_PeriphCLKConfig
                0x0000000008002788      0x16c Drivers/STM32F1xx_HAL_Driver/Src/stm32f1xx_hal_rcc_ex.o
                0x0000000008002788                HAL_RCCEx_PeriphCLKConfig
 .text.USB_CoreInit
                0x00000000080028f4       0x20 Drivers/STM32F1xx_HAL_Driver/Src/stm32f1xx_ll_usb.o
                0x00000000080028f4                USB_CoreInit
 .text.USB_EnableGlobalInt
                0x0000000008002914       0x2e Drivers/STM32F1xx_HAL_Driver/Src/stm32f1xx_ll_usb.o
                0x0000000008002914                USB_EnableGlobalInt
 .text.USB_DisableGlobalInt
                0x0000000008002942       0x38 Drivers/STM32F1xx_HAL_Driver/Src/stm32f1xx_ll_usb.o
                0x0000000008002942                USB_DisableGlobalInt
 .text.USB_SetCurrentMode
                0x000000000800297a       0x18 Drivers/STM32F1xx_HAL_Driver/Src/stm32f1xx_ll_usb.o
                0x000000000800297a                USB_SetCurrentMode
 .text.USB_DevInit
                0x0000000008002992       0x48 Drivers/STM32F1xx_HAL_Driver/Src/stm32f1xx_ll_usb.o
                0x0000000008002992                USB_DevInit
 *fill*         0x00000000080029da        0x2 
 .text.USB_ActivateEndpoint
                0x00000000080029dc      0x5dc Drivers/STM32F1xx_HAL_Driver/Src/stm32f1xx_ll_usb.o
                0x00000000080029dc                USB_ActivateEndpoint
 .text.USB_DeactivateEndpoint
                0x0000000008002fb8      0x32c Drivers/STM32F1xx_HAL_Driver/Src/stm32f1xx_ll_usb.o
                0x0000000008002fb8                USB_DeactivateEndpoint
 .text.USB_EPStartXfer
                0x00000000080032e4      0x570 Drivers/STM32F1xx_HAL_Driver/Src/stm32f1xx_ll_usb.o
                0x00000000080032e4                USB_EPStartXfer
 .text.USB_EPSetStall
                0x0000000008003854       0x84 Drivers/STM32F1xx_HAL_Driver/Src/stm32f1xx_ll_usb.o
                0x0000000008003854                USB_EPSetStall
 .text.USB_EPClearStall
                0x00000000080038d8      0x128 Drivers/STM32F1xx_HAL_Driver/Src/stm32f1xx_ll_usb.o
                0x00000000080038d8                USB_EPClearStall
 .text.USB_SetDevAddress
                0x0000000008003a00       0x26 Drivers/STM32F1xx_HAL_Driver/Src/stm32f1xx_ll_usb.o
                0x0000000008003a00                USB_SetDevAddress
 .text.USB_DevConnect
                0x0000000008003a26       0x14 Drivers/STM32F1xx_HAL_Driver/Src/stm32f1xx_ll_usb.o
                0x0000000008003a26                USB_DevConnect
 .text.USB_DevDisconnect
                0x0000000008003a3a       0x14 Drivers/STM32F1xx_HAL_Driver/Src/stm32f1xx_ll_usb.o
                0x0000000008003a3a                USB_DevDisconnect
 .text.USB_ReadInterrupts
                0x0000000008003a4e       0x1e Drivers/STM32F1xx_HAL_Driver/Src/stm32f1xx_ll_usb.o
                0x0000000008003a4e                USB_ReadInterrupts
 .text.USB_EP0_OutStart
                0x0000000008003a6c       0x16 Drivers/STM32F1xx_HAL_Driver/Src/stm32f1xx_ll_usb.o
                0x0000000008003a6c                USB_EP0_OutStart
 .text.USB_WritePMA
                0x0000000008003a82       0x88 Drivers/STM32F1xx_HAL_Driver/Src/stm32f1xx_ll_usb.o
                0x0000000008003a82                USB_WritePMA
 .text.USB_ReadPMA
                0x0000000008003b0a       0x9e Drivers/STM32F1xx_HAL_Driver/Src/stm32f1xx_ll_usb.o
                0x0000000008003b0a                USB_ReadPMA
 .text.USBD_CDC_Init
                0x0000000008003ba8       0xf4 Middlewares/ST/STM32_USB_Device_Library/Class/CDC/Src/usbd_cdc.o
 .text.USBD_CDC_DeInit
                0x0000000008003c9c       0x6e Middlewares/ST/STM32_USB_Device_Library/Class/CDC/Src/usbd_cdc.o
 .text.USBD_CDC_Setup
                0x0000000008003d0a      0x140 Middlewares/ST/STM32_USB_Device_Library/Class/CDC/Src/usbd_cdc.o
 .text.USBD_CDC_DataIn
                0x0000000008003e4a       0xa0 Middlewares/ST/STM32_USB_Device_Library/Class/CDC/Src/usbd_cdc.o
 .text.USBD_CDC_DataOut
                0x0000000008003eea       0x56 Middlewares/ST/STM32_USB_Device_Library/Class/CDC/Src/usbd_cdc.o
 .text.USBD_CDC_EP0_RxReady
                0x0000000008003f40       0x50 Middlewares/ST/STM32_USB_Device_Library/Class/CDC/Src/usbd_cdc.o
 .text.USBD_CDC_GetFSCfgDesc
                0x0000000008003f90       0x20 Middlewares/ST/STM32_USB_Device_Library/Class/CDC/Src/usbd_cdc.o
 .text.USBD_CDC_GetHSCfgDesc
                0x0000000008003fb0       0x20 Middlewares/ST/STM32_USB_Device_Library/Class/CDC/Src/usbd_cdc.o
 .text.USBD_CDC_GetOtherSpeedCfgDesc
                0x0000000008003fd0       0x20 Middlewares/ST/STM32_USB_Device_Library/Class/CDC/Src/usbd_cdc.o
 .text.USBD_CDC_GetDeviceQualifierDescriptor
                0x0000000008003ff0       0x20 Middlewares/ST/STM32_USB_Device_Library/Class/CDC/Src/usbd_cdc.o
                0x0000000008003ff0                USBD_CDC_GetDeviceQualifierDescriptor
 .text.USBD_CDC_RegisterInterface
                0x0000000008004010       0x2c Middlewares/ST/STM32_USB_Device_Library/Class/CDC/Src/usbd_cdc.o
                0x0000000008004010                USBD_CDC_RegisterInterface
 .text.USBD_CDC_SetTxBuffer
                0x000000000800403c       0x32 Middlewares/ST/STM32_USB_Device_Library/Class/CDC/Src/usbd_cdc.o
                0x000000000800403c                USBD_CDC_SetTxBuffer
 .text.USBD_CDC_SetRxBuffer
                0x000000000800406e       0x26 Middlewares/ST/STM32_USB_Device_Library/Class/CDC/Src/usbd_cdc.o
                0x000000000800406e                USBD_CDC_SetRxBuffer
 .text.USBD_CDC_TransmitPacket
                0x0000000008004094       0x5e Middlewares/ST/STM32_USB_Device_Library/Class/CDC/Src/usbd_cdc.o
                0x0000000008004094                USBD_CDC_TransmitPacket
 .text.USBD_CDC_ReceivePacket
                0x00000000080040f2       0x54 Middlewares/ST/STM32_USB_Device_Library/Class/CDC/Src/usbd_cdc.o
                0x00000000080040f2                USBD_CDC_ReceivePacket
 .text.USBD_Init
                0x0000000008004146       0x56 Middlewares/ST/STM32_USB_Device_Library/Core/Src/usbd_core.o
                0x0000000008004146                USBD_Init
 .text.USBD_RegisterClass
                0x000000000800419c       0x32 Middlewares/ST/STM32_USB_Device_Library/Core/Src/usbd_core.o
                0x000000000800419c                USBD_RegisterClass
 .text.USBD_Start
                0x00000000080041ce       0x18 Middlewares/ST/STM32_USB_Device_Library/Core/Src/usbd_core.o
                0x00000000080041ce                USBD_Start
 .text.USBD_RunTestMode
                0x00000000080041e6       0x14 Middlewares/ST/STM32_USB_Device_Library/Core/Src/usbd_core.o
                0x00000000080041e6                USBD_RunTestMode
 .text.USBD_SetClassConfig
                0x00000000080041fa       0x3e Middlewares/ST/STM32_USB_Device_Library/Core/Src/usbd_core.o
                0x00000000080041fa                USBD_SetClassConfig
 .text.USBD_ClrClassConfig
                0x0000000008004238       0x26 Middlewares/ST/STM32_USB_Device_Library/Core/Src/usbd_core.o
                0x0000000008004238                USBD_ClrClassConfig
 .text.USBD_LL_SetupStage
                0x000000000800425e       0x96 Middlewares/ST/STM32_USB_Device_Library/Core/Src/usbd_core.o
                0x000000000800425e                USBD_LL_SetupStage
 .text.USBD_LL_DataOutStage
                0x00000000080042f4       0xe2 Middlewares/ST/STM32_USB_Device_Library/Core/Src/usbd_core.o
                0x00000000080042f4                USBD_LL_DataOutStage
 .text.USBD_LL_DataInStage
                0x00000000080043d6      0x14a Middlewares/ST/STM32_USB_Device_Library/Core/Src/usbd_core.o
                0x00000000080043d6                USBD_LL_DataInStage
 .text.USBD_LL_Reset
                0x0000000008004520       0x82 Middlewares/ST/STM32_USB_Device_Library/Core/Src/usbd_core.o
                0x0000000008004520                USBD_LL_Reset
 .text.USBD_LL_SetSpeed
                0x00000000080045a2       0x1e Middlewares/ST/STM32_USB_Device_Library/Core/Src/usbd_core.o
                0x00000000080045a2                USBD_LL_SetSpeed
 .text.USBD_LL_Suspend
                0x00000000080045c0       0x28 Middlewares/ST/STM32_USB_Device_Library/Core/Src/usbd_core.o
                0x00000000080045c0                USBD_LL_Suspend
 .text.USBD_LL_Resume
                0x00000000080045e8       0x2a Middlewares/ST/STM32_USB_Device_Library/Core/Src/usbd_core.o
                0x00000000080045e8                USBD_LL_Resume
 .text.USBD_LL_SOF
                0x0000000008004612       0x34 Middlewares/ST/STM32_USB_Device_Library/Core/Src/usbd_core.o
                0x0000000008004612                USBD_LL_SOF
 *fill*         0x0000000008004646        0x2 
 .text.USBD_StdDevReq
                0x0000000008004648       0xd4 Middlewares/ST/STM32_USB_Device_Library/Core/Src/usbd_ctlreq.o
                0x0000000008004648                USBD_StdDevReq
 .text.USBD_StdItfReq
                0x000000000800471c       0x8c Middlewares/ST/STM32_USB_Device_Library/Core/Src/usbd_ctlreq.o
                0x000000000800471c                USBD_StdItfReq
 .text.USBD_StdEPReq
                0x00000000080047a8      0x2ba Middlewares/ST/STM32_USB_Device_Library/Core/Src/usbd_ctlreq.o
                0x00000000080047a8                USBD_StdEPReq
 *fill*         0x0000000008004a62        0x2 
 .text.USBD_GetDescriptor
                0x0000000008004a64      0x2d0 Middlewares/ST/STM32_USB_Device_Library/Core/Src/usbd_ctlreq.o
 .text.USBD_SetAddress
                0x0000000008004d34       0x84 Middlewares/ST/STM32_USB_Device_Library/Core/Src/usbd_ctlreq.o
 .text.USBD_SetConfig
                0x0000000008004db8      0x11c Middlewares/ST/STM32_USB_Device_Library/Core/Src/usbd_ctlreq.o
 .text.USBD_GetConfig
                0x0000000008004ed4       0x68 Middlewares/ST/STM32_USB_Device_Library/Core/Src/usbd_ctlreq.o
 .text.USBD_GetStatus
                0x0000000008004f3c       0x66 Middlewares/ST/STM32_USB_Device_Library/Core/Src/usbd_ctlreq.o
 .text.USBD_SetFeature
                0x0000000008004fa2       0x28 Middlewares/ST/STM32_USB_Device_Library/Core/Src/usbd_ctlreq.o
 .text.USBD_ClrFeature
                0x0000000008004fca       0x42 Middlewares/ST/STM32_USB_Device_Library/Core/Src/usbd_ctlreq.o
 .text.USBD_ParseSetupRequest
                0x000000000800500c       0x78 Middlewares/ST/STM32_USB_Device_Library/Core/Src/usbd_ctlreq.o
                0x000000000800500c                USBD_ParseSetupRequest
 .text.USBD_CtlError
                0x0000000008005084       0x22 Middlewares/ST/STM32_USB_Device_Library/Core/Src/usbd_ctlreq.o
                0x0000000008005084                USBD_CtlError
 .text.USBD_GetString
                0x00000000080050a6       0x84 Middlewares/ST/STM32_USB_Device_Library/Core/Src/usbd_ctlreq.o
                0x00000000080050a6                USBD_GetString
 .text.USBD_GetLen
                0x000000000800512a       0x2e Middlewares/ST/STM32_USB_Device_Library/Core/Src/usbd_ctlreq.o
 .text.USBD_CtlSendData
                0x0000000008005158       0x38 Middlewares/ST/STM32_USB_Device_Library/Core/Src/usbd_ioreq.o
                0x0000000008005158                USBD_CtlSendData
 .text.USBD_CtlContinueSendData
                0x0000000008005190       0x24 Middlewares/ST/STM32_USB_Device_Library/Core/Src/usbd_ioreq.o
                0x0000000008005190                USBD_CtlContinueSendData
 .text.USBD_CtlPrepareRx
                0x00000000080051b4       0x3c Middlewares/ST/STM32_USB_Device_Library/Core/Src/usbd_ioreq.o
                0x00000000080051b4                USBD_CtlPrepareRx
 .text.USBD_CtlContinueRx
                0x00000000080051f0       0x24 Middlewares/ST/STM32_USB_Device_Library/Core/Src/usbd_ioreq.o
                0x00000000080051f0                USBD_CtlContinueRx
 .text.USBD_CtlSendStatus
                0x0000000008005214       0x26 Middlewares/ST/STM32_USB_Device_Library/Core/Src/usbd_ioreq.o
                0x0000000008005214                USBD_CtlSendStatus
 .text.USBD_CtlReceiveStatus
                0x000000000800523a       0x26 Middlewares/ST/STM32_USB_Device_Library/Core/Src/usbd_ioreq.o
                0x000000000800523a                USBD_CtlReceiveStatus
 .text.MX_USB_DEVICE_Init
                0x0000000008005260       0x60 USB_DEVICE/App/usb_device.o
                0x0000000008005260                MX_USB_DEVICE_Init
 .text.CDC_Init_FS
                0x00000000080052c0       0x28 USB_DEVICE/App/usbd_cdc_if.o
 .text.CDC_DeInit_FS
                0x00000000080052e8        0xe USB_DEVICE/App/usbd_cdc_if.o
 *fill*         0x00000000080052f6        0x2 
 .text.CDC_Control_FS
                0x00000000080052f8       0xbc USB_DEVICE/App/usbd_cdc_if.o
 .text.CDC_Receive_FS
                0x00000000080053b4       0x28 USB_DEVICE/App/usbd_cdc_if.o
 .text.CDC_Transmit_FS
                0x00000000080053dc       0x4c USB_DEVICE/App/usbd_cdc_if.o
                0x00000000080053dc                CDC_Transmit_FS
 .text.USBD_FS_DeviceDescriptor
                0x0000000008005428       0x24 USB_DEVICE/App/usbd_desc.o
                0x0000000008005428                USBD_FS_DeviceDescriptor
 .text.USBD_FS_LangIDStrDescriptor
                0x000000000800544c       0x24 USB_DEVICE/App/usbd_desc.o
                0x000000000800544c                USBD_FS_LangIDStrDescriptor
 .text.USBD_FS_ProductStrDescriptor
                0x0000000008005470       0x3c USB_DEVICE/App/usbd_desc.o
                0x0000000008005470                USBD_FS_ProductStrDescriptor
 .text.USBD_FS_ManufacturerStrDescriptor
                0x00000000080054ac       0x28 USB_DEVICE/App/usbd_desc.o
                0x00000000080054ac                USBD_FS_ManufacturerStrDescriptor
 .text.USBD_FS_SerialStrDescriptor
                0x00000000080054d4       0x24 USB_DEVICE/App/usbd_desc.o
                0x00000000080054d4                USBD_FS_SerialStrDescriptor
 .text.USBD_FS_ConfigStrDescriptor
                0x00000000080054f8       0x3c USB_DEVICE/App/usbd_desc.o
                0x00000000080054f8                USBD_FS_ConfigStrDescriptor
 .text.USBD_FS_InterfaceStrDescriptor
                0x0000000008005534       0x3c USB_DEVICE/App/usbd_desc.o
                0x0000000008005534                USBD_FS_InterfaceStrDescriptor
 .text.Get_SerialNum
                0x0000000008005570       0x58 USB_DEVICE/App/usbd_desc.o
 .text.IntToUnicode
                0x00000000080055c8       0x7a USB_DEVICE/App/usbd_desc.o
 *fill*         0x0000000008005642        0x2 
 .text.HAL_PCD_MspInit
                0x0000000008005644       0x4c USB_DEVICE/Target/usbd_conf.o
                0x0000000008005644                HAL_PCD_MspInit
 .text.HAL_PCD_SetupStageCallback
                0x0000000008005690       0x24 USB_DEVICE/Target/usbd_conf.o
                0x0000000008005690                HAL_PCD_SetupStageCallback
 .text.HAL_PCD_DataOutStageCallback
                0x00000000080056b4       0x30 USB_DEVICE/Target/usbd_conf.o
                0x00000000080056b4                HAL_PCD_DataOutStageCallback
 .text.HAL_PCD_DataInStageCallback
                0x00000000080056e4       0x2e USB_DEVICE/Target/usbd_conf.o
                0x00000000080056e4                HAL_PCD_DataInStageCallback
 .text.HAL_PCD_SOFCallback
                0x0000000008005712       0x1c USB_DEVICE/Target/usbd_conf.o
                0x0000000008005712                HAL_PCD_SOFCallback
 .text.HAL_PCD_ResetCallback
                0x000000000800572e       0x3c USB_DEVICE/Target/usbd_conf.o
                0x000000000800572e                HAL_PCD_ResetCallback
 *fill*         0x000000000800576a        0x2 
 .text.HAL_PCD_SuspendCallback
                0x000000000800576c       0x34 USB_DEVICE/Target/usbd_conf.o
                0x000000000800576c                HAL_PCD_SuspendCallback
 .text.HAL_PCD_ResumeCallback
                0x00000000080057a0       0x1c USB_DEVICE/Target/usbd_conf.o
                0x00000000080057a0                HAL_PCD_ResumeCallback
 .text.USBD_LL_Init
                0x00000000080057bc       0xb4 USB_DEVICE/Target/usbd_conf.o
                0x00000000080057bc                USBD_LL_Init
 .text.USBD_LL_Start
                0x0000000008005870       0x36 USB_DEVICE/Target/usbd_conf.o
                0x0000000008005870                USBD_LL_Start
 .text.USBD_LL_OpenEP
                0x00000000080058a6       0x4c USB_DEVICE/Target/usbd_conf.o
                0x00000000080058a6                USBD_LL_OpenEP
 .text.USBD_LL_CloseEP
                0x00000000080058f2       0x3e USB_DEVICE/Target/usbd_conf.o
                0x00000000080058f2                USBD_LL_CloseEP
 .text.USBD_LL_StallEP
                0x0000000008005930       0x3e USB_DEVICE/Target/usbd_conf.o
                0x0000000008005930                USBD_LL_StallEP
 .text.USBD_LL_ClearStallEP
                0x000000000800596e       0x3e USB_DEVICE/Target/usbd_conf.o
                0x000000000800596e                USBD_LL_ClearStallEP
 .text.USBD_LL_IsStallEP
                0x00000000080059ac       0x4a USB_DEVICE/Target/usbd_conf.o
                0x00000000080059ac                USBD_LL_IsStallEP
 .text.USBD_LL_SetUSBAddress
                0x00000000080059f6       0x3e USB_DEVICE/Target/usbd_conf.o
                0x00000000080059f6                USBD_LL_SetUSBAddress
 .text.USBD_LL_Transmit
                0x0000000008005a34       0x46 USB_DEVICE/Target/usbd_conf.o
                0x0000000008005a34                USBD_LL_Transmit
 .text.USBD_LL_PrepareReceive
                0x0000000008005a7a       0x46 USB_DEVICE/Target/usbd_conf.o
                0x0000000008005a7a                USBD_LL_PrepareReceive
 .text.USBD_LL_GetRxDataSize
                0x0000000008005ac0       0x26 USB_DEVICE/Target/usbd_conf.o
                0x0000000008005ac0                USBD_LL_GetRxDataSize
 *fill*         0x0000000008005ae6        0x2 
 .text.USBD_static_malloc
                0x0000000008005ae8       0x18 USB_DEVICE/Target/usbd_conf.o
                0x0000000008005ae8                USBD_static_malloc
 .text.USBD_static_free
                0x0000000008005b00       0x12 USB_DEVICE/Target/usbd_conf.o
                0x0000000008005b00                USBD_static_free
 .text.HAL_PCDEx_SetConnectionState
                0x0000000008005b12       0x16 USB_DEVICE/Target/usbd_conf.o
                0x0000000008005b12                HAL_PCDEx_SetConnectionState
 .text.USBD_Get_USB_Status
                0x0000000008005b28       0x58 USB_DEVICE/Target/usbd_conf.o
 .text.__errno  0x0000000008005b80        0xc /home/jeison/st/stm32cubeide_1.2.0/plugins/com.st.stm32cube.ide.mcu.externaltools.gnu-tools-for-stm32.7-2018-q2-update.linux64_1.0.0.201904181610/tools/bin/../lib/gcc/arm-none-eabi/7.3.1/../../../../arm-none-eabi/lib/thumb/v7-m/libc_nano.a(lib_a-errno.o)
                0x0000000008005b80                __errno
 .text.__libc_init_array
                0x0000000008005b8c       0x48 /home/jeison/st/stm32cubeide_1.2.0/plugins/com.st.stm32cube.ide.mcu.externaltools.gnu-tools-for-stm32.7-2018-q2-update.linux64_1.0.0.201904181610/tools/bin/../lib/gcc/arm-none-eabi/7.3.1/../../../../arm-none-eabi/lib/thumb/v7-m/libc_nano.a(lib_a-init.o)
                0x0000000008005b8c                __libc_init_array
 .text.memset   0x0000000008005bd4       0x10 /home/jeison/st/stm32cubeide_1.2.0/plugins/com.st.stm32cube.ide.mcu.externaltools.gnu-tools-for-stm32.7-2018-q2-update.linux64_1.0.0.201904181610/tools/bin/../lib/gcc/arm-none-eabi/7.3.1/../../../../arm-none-eabi/lib/thumb/v7-m/libc_nano.a(lib_a-memset.o)
                0x0000000008005bd4                memset
 .text.sprintf  0x0000000008005be4       0x40 /home/jeison/st/stm32cubeide_1.2.0/plugins/com.st.stm32cube.ide.mcu.externaltools.gnu-tools-for-stm32.7-2018-q2-update.linux64_1.0.0.201904181610/tools/bin/../lib/gcc/arm-none-eabi/7.3.1/../../../../arm-none-eabi/lib/thumb/v7-m/libc_nano.a(lib_a-sprintf.o)
                0x0000000008005be4                sprintf
                0x0000000008005be4                siprintf
 .text.__ssputs_r
                0x0000000008005c24       0xb4 /home/jeison/st/stm32cubeide_1.2.0/plugins/com.st.stm32cube.ide.mcu.externaltools.gnu-tools-for-stm32.7-2018-q2-update.linux64_1.0.0.201904181610/tools/bin/../lib/gcc/arm-none-eabi/7.3.1/../../../../arm-none-eabi/lib/thumb/v7-m/libc_nano.a(lib_a-nano-svfprintf.o)
                0x0000000008005c24                __ssputs_r
 .text._svfprintf_r
                0x0000000008005cd8      0x1f0 /home/jeison/st/stm32cubeide_1.2.0/plugins/com.st.stm32cube.ide.mcu.externaltools.gnu-tools-for-stm32.7-2018-q2-update.linux64_1.0.0.201904181610/tools/bin/../lib/gcc/arm-none-eabi/7.3.1/../../../../arm-none-eabi/lib/thumb/v7-m/libc_nano.a(lib_a-nano-svfprintf.o)
                0x0000000008005cd8                _svfprintf_r
                0x0000000008005cd8                _svfiprintf_r
 .text._printf_common
                0x0000000008005ec8       0xec /home/jeison/st/stm32cubeide_1.2.0/plugins/com.st.stm32cube.ide.mcu.externaltools.gnu-tools-for-stm32.7-2018-q2-update.linux64_1.0.0.201904181610/tools/bin/../lib/gcc/arm-none-eabi/7.3.1/../../../../arm-none-eabi/lib/thumb/v7-m/libc_nano.a(lib_a-nano-vfprintf_i.o)
                0x0000000008005ec8                _printf_common
 .text._printf_i
                0x0000000008005fb4      0x224 /home/jeison/st/stm32cubeide_1.2.0/plugins/com.st.stm32cube.ide.mcu.externaltools.gnu-tools-for-stm32.7-2018-q2-update.linux64_1.0.0.201904181610/tools/bin/../lib/gcc/arm-none-eabi/7.3.1/../../../../arm-none-eabi/lib/thumb/v7-m/libc_nano.a(lib_a-nano-vfprintf_i.o)
                0x0000000008005fb4                _printf_i
 .text.memchr   0x00000000080061d8       0x1c /home/jeison/st/stm32cubeide_1.2.0/plugins/com.st.stm32cube.ide.mcu.externaltools.gnu-tools-for-stm32.7-2018-q2-update.linux64_1.0.0.201904181610/tools/bin/../lib/gcc/arm-none-eabi/7.3.1/../../../../arm-none-eabi/lib/thumb/v7-m/libc_nano.a(lib_a-memchr-stub.o)
                0x00000000080061d8                memchr
 .text.memcpy   0x00000000080061f4       0x16 /home/jeison/st/stm32cubeide_1.2.0/plugins/com.st.stm32cube.ide.mcu.externaltools.gnu-tools-for-stm32.7-2018-q2-update.linux64_1.0.0.201904181610/tools/bin/../lib/gcc/arm-none-eabi/7.3.1/../../../../arm-none-eabi/lib/thumb/v7-m/libc_nano.a(lib_a-memcpy-stub.o)
                0x00000000080061f4                memcpy
 .text.memmove  0x000000000800620a       0x32 /home/jeison/st/stm32cubeide_1.2.0/plugins/com.st.stm32cube.ide.mcu.externaltools.gnu-tools-for-stm32.7-2018-q2-update.linux64_1.0.0.201904181610/tools/bin/../lib/gcc/arm-none-eabi/7.3.1/../../../../arm-none-eabi/lib/thumb/v7-m/libc_nano.a(lib_a-memmove.o)
                0x000000000800620a                memmove
 .text._free_r  0x000000000800623c       0x98 /home/jeison/st/stm32cubeide_1.2.0/plugins/com.st.stm32cube.ide.mcu.externaltools.gnu-tools-for-stm32.7-2018-q2-update.linux64_1.0.0.201904181610/tools/bin/../lib/gcc/arm-none-eabi/7.3.1/../../../../arm-none-eabi/lib/thumb/v7-m/libc_nano.a(lib_a-nano-freer.o)
                0x000000000800623c                _free_r
 .text._malloc_r
                0x00000000080062d4       0xb4 /home/jeison/st/stm32cubeide_1.2.0/plugins/com.st.stm32cube.ide.mcu.externaltools.gnu-tools-for-stm32.7-2018-q2-update.linux64_1.0.0.201904181610/tools/bin/../lib/gcc/arm-none-eabi/7.3.1/../../../../arm-none-eabi/lib/thumb/v7-m/libc_nano.a(lib_a-nano-mallocr.o)
                0x00000000080062d4                _malloc_r
 .text._realloc_r
                0x0000000008006388       0x4c /home/jeison/st/stm32cubeide_1.2.0/plugins/com.st.stm32cube.ide.mcu.externaltools.gnu-tools-for-stm32.7-2018-q2-update.linux64_1.0.0.201904181610/tools/bin/../lib/gcc/arm-none-eabi/7.3.1/../../../../arm-none-eabi/lib/thumb/v7-m/libc_nano.a(lib_a-nano-reallocr.o)
                0x0000000008006388                _realloc_r
 .text._sbrk_r  0x00000000080063d4       0x20 /home/jeison/st/stm32cubeide_1.2.0/plugins/com.st.stm32cube.ide.mcu.externaltools.gnu-tools-for-stm32.7-2018-q2-update.linux64_1.0.0.201904181610/tools/bin/../lib/gcc/arm-none-eabi/7.3.1/../../../../arm-none-eabi/lib/thumb/v7-m/libc_nano.a(lib_a-sbrkr.o)
                0x00000000080063d4                _sbrk_r
 .text.__malloc_lock
                0x00000000080063f4        0x2 /home/jeison/st/stm32cubeide_1.2.0/plugins/com.st.stm32cube.ide.mcu.externaltools.gnu-tools-for-stm32.7-2018-q2-update.linux64_1.0.0.201904181610/tools/bin/../lib/gcc/arm-none-eabi/7.3.1/../../../../arm-none-eabi/lib/thumb/v7-m/libc_nano.a(lib_a-mlock.o)
                0x00000000080063f4                __malloc_lock
 .text.__malloc_unlock
                0x00000000080063f6        0x2 /home/jeison/st/stm32cubeide_1.2.0/plugins/com.st.stm32cube.ide.mcu.externaltools.gnu-tools-for-stm32.7-2018-q2-update.linux64_1.0.0.201904181610/tools/bin/../lib/gcc/arm-none-eabi/7.3.1/../../../../arm-none-eabi/lib/thumb/v7-m/libc_nano.a(lib_a-mlock.o)
                0x00000000080063f6                __malloc_unlock
 .text._malloc_usable_size_r
                0x00000000080063f8       0x10 /home/jeison/st/stm32cubeide_1.2.0/plugins/com.st.stm32cube.ide.mcu.externaltools.gnu-tools-for-stm32.7-2018-q2-update.linux64_1.0.0.201904181610/tools/bin/../lib/gcc/arm-none-eabi/7.3.1/../../../../arm-none-eabi/lib/thumb/v7-m/libc_nano.a(lib_a-nano-msizer.o)
                0x00000000080063f8                _malloc_usable_size_r
 *(.glue_7)
 .glue_7        0x0000000008006408        0x0 linker stubs
 *(.glue_7t)
 .glue_7t       0x0000000008006408        0x0 linker stubs
 *(.eh_frame)
 .eh_frame      0x0000000008006408        0x0 /home/jeison/st/stm32cubeide_1.2.0/plugins/com.st.stm32cube.ide.mcu.externaltools.gnu-tools-for-stm32.7-2018-q2-update.linux64_1.0.0.201904181610/tools/bin/../lib/gcc/arm-none-eabi/7.3.1/thumb/v7-m/crtbegin.o
 *(.init)
 .init          0x0000000008006408        0x4 /home/jeison/st/stm32cubeide_1.2.0/plugins/com.st.stm32cube.ide.mcu.externaltools.gnu-tools-for-stm32.7-2018-q2-update.linux64_1.0.0.201904181610/tools/bin/../lib/gcc/arm-none-eabi/7.3.1/thumb/v7-m/crti.o
                0x0000000008006408                _init
 .init          0x000000000800640c        0x8 /home/jeison/st/stm32cubeide_1.2.0/plugins/com.st.stm32cube.ide.mcu.externaltools.gnu-tools-for-stm32.7-2018-q2-update.linux64_1.0.0.201904181610/tools/bin/../lib/gcc/arm-none-eabi/7.3.1/thumb/v7-m/crtn.o
 *(.fini)
 .fini          0x0000000008006414        0x4 /home/jeison/st/stm32cubeide_1.2.0/plugins/com.st.stm32cube.ide.mcu.externaltools.gnu-tools-for-stm32.7-2018-q2-update.linux64_1.0.0.201904181610/tools/bin/../lib/gcc/arm-none-eabi/7.3.1/thumb/v7-m/crti.o
                0x0000000008006414                _fini
 .fini          0x0000000008006418        0x8 /home/jeison/st/stm32cubeide_1.2.0/plugins/com.st.stm32cube.ide.mcu.externaltools.gnu-tools-for-stm32.7-2018-q2-update.linux64_1.0.0.201904181610/tools/bin/../lib/gcc/arm-none-eabi/7.3.1/thumb/v7-m/crtn.o
                0x0000000008006420                . = ALIGN (0x4)
                0x0000000008006420                _etext = .

.vfp11_veneer   0x0000000008006420        0x0
 .vfp11_veneer  0x0000000008006420        0x0 linker stubs

.v4_bx          0x0000000008006420        0x0
 .v4_bx         0x0000000008006420        0x0 linker stubs

.iplt           0x0000000008006420        0x0
 .iplt          0x0000000008006420        0x0 /home/jeison/st/stm32cubeide_1.2.0/plugins/com.st.stm32cube.ide.mcu.externaltools.gnu-tools-for-stm32.7-2018-q2-update.linux64_1.0.0.201904181610/tools/bin/../lib/gcc/arm-none-eabi/7.3.1/thumb/v7-m/crtbegin.o

.rodata         0x0000000008006420       0xc8
                0x0000000008006420                . = ALIGN (0x4)
 *(.rodata)
 .rodata        0x0000000008006420       0x1d Core/Src/main.o
 *fill*         0x000000000800643d        0x3 
 .rodata        0x0000000008006440       0x12 Drivers/STM32F1xx_HAL_Driver/Src/stm32f1xx_hal_rcc.o
 *fill*         0x0000000008006452        0x2 
 .rodata        0x0000000008006454       0x46 USB_DEVICE/App/usbd_desc.o
 *(.rodata*)
 *fill*         0x000000000800649a        0x2 
 .rodata.AHBPrescTable
                0x000000000800649c       0x10 Core/Src/system_stm32f1xx.o
                0x000000000800649c                AHBPrescTable
 .rodata.APBPrescTable
                0x00000000080064ac        0x8 Core/Src/system_stm32f1xx.o
                0x00000000080064ac                APBPrescTable
 .rodata._svfprintf_r.str1.1
                0x00000000080064b4       0x11 /home/jeison/st/stm32cubeide_1.2.0/plugins/com.st.stm32cube.ide.mcu.externaltools.gnu-tools-for-stm32.7-2018-q2-update.linux64_1.0.0.201904181610/tools/bin/../lib/gcc/arm-none-eabi/7.3.1/../../../../arm-none-eabi/lib/thumb/v7-m/libc_nano.a(lib_a-nano-svfprintf.o)
 .rodata._printf_i.str1.1
                0x00000000080064c5       0x22 /home/jeison/st/stm32cubeide_1.2.0/plugins/com.st.stm32cube.ide.mcu.externaltools.gnu-tools-for-stm32.7-2018-q2-update.linux64_1.0.0.201904181610/tools/bin/../lib/gcc/arm-none-eabi/7.3.1/../../../../arm-none-eabi/lib/thumb/v7-m/libc_nano.a(lib_a-nano-vfprintf_i.o)
                0x00000000080064e8                . = ALIGN (0x4)
 *fill*         0x00000000080064e7        0x1 

.rel.dyn        0x00000000080064e8        0x0
 .rel.iplt      0x00000000080064e8        0x0 /home/jeison/st/stm32cubeide_1.2.0/plugins/com.st.stm32cube.ide.mcu.externaltools.gnu-tools-for-stm32.7-2018-q2-update.linux64_1.0.0.201904181610/tools/bin/../lib/gcc/arm-none-eabi/7.3.1/thumb/v7-m/crtbegin.o

.ARM.extab      0x00000000080064e8        0x0
                0x00000000080064e8                . = ALIGN (0x4)
 *(.ARM.extab* .gnu.linkonce.armextab.*)
                0x00000000080064e8                . = ALIGN (0x4)

.ARM            0x00000000080064e8        0x0
                0x00000000080064e8                . = ALIGN (0x4)
                0x00000000080064e8                __exidx_start = .
 *(.ARM.exidx*)
                0x00000000080064e8                __exidx_end = .
                0x00000000080064e8                . = ALIGN (0x4)

.preinit_array  0x00000000080064e8        0x0
                0x00000000080064e8                . = ALIGN (0x4)
                0x00000000080064e8                PROVIDE (__preinit_array_start = .)
 *(.preinit_array*)
                0x00000000080064e8                PROVIDE (__preinit_array_end = .)
                0x00000000080064e8                . = ALIGN (0x4)

.init_array     0x00000000080064e8        0x4
                0x00000000080064e8                . = ALIGN (0x4)
                0x00000000080064e8                PROVIDE (__init_array_start = .)
 *(SORT_BY_NAME(.init_array.*))
 *(.init_array*)
 .init_array    0x00000000080064e8        0x4 /home/jeison/st/stm32cubeide_1.2.0/plugins/com.st.stm32cube.ide.mcu.externaltools.gnu-tools-for-stm32.7-2018-q2-update.linux64_1.0.0.201904181610/tools/bin/../lib/gcc/arm-none-eabi/7.3.1/thumb/v7-m/crtbegin.o
                0x00000000080064ec                PROVIDE (__init_array_end = .)
                0x00000000080064ec                . = ALIGN (0x4)

.fini_array     0x00000000080064ec        0x4
                0x00000000080064ec                . = ALIGN (0x4)
                [!provide]                        PROVIDE (__fini_array_start = .)
 *(SORT_BY_NAME(.fini_array.*))
 *(.fini_array*)
 .fini_array    0x00000000080064ec        0x4 /home/jeison/st/stm32cubeide_1.2.0/plugins/com.st.stm32cube.ide.mcu.externaltools.gnu-tools-for-stm32.7-2018-q2-update.linux64_1.0.0.201904181610/tools/bin/../lib/gcc/arm-none-eabi/7.3.1/thumb/v7-m/crtbegin.o
                [!provide]                        PROVIDE (__fini_array_end = .)
                0x00000000080064f0                . = ALIGN (0x4)
                0x00000000080064f0                _sidata = LOADADDR (.data)

.data           0x0000000020000000      0x1e0 load address 0x00000000080064f0
                0x0000000020000000                . = ALIGN (0x4)
                0x0000000020000000                _sdata = .
 *(.data)
 *(.data*)
 .data.SystemCoreClock
                0x0000000020000000        0x4 Core/Src/system_stm32f1xx.o
                0x0000000020000000                SystemCoreClock
 .data.uwTickPrio
                0x0000000020000004        0x4 Drivers/STM32F1xx_HAL_Driver/Src/stm32f1xx_hal.o
                0x0000000020000004                uwTickPrio
 .data.uwTickFreq
                0x0000000020000008        0x1 Drivers/STM32F1xx_HAL_Driver/Src/stm32f1xx_hal.o
                0x0000000020000008                uwTickFreq
 *fill*         0x0000000020000009        0x3 
 .data.USBD_CDC_DeviceQualifierDesc
                0x000000002000000c        0xa Middlewares/ST/STM32_USB_Device_Library/Class/CDC/Src/usbd_cdc.o
 *fill*         0x0000000020000016        0x2 
 .data.USBD_CDC
                0x0000000020000018       0x38 Middlewares/ST/STM32_USB_Device_Library/Class/CDC/Src/usbd_cdc.o
                0x0000000020000018                USBD_CDC
 .data.USBD_CDC_CfgHSDesc
                0x0000000020000050       0x43 Middlewares/ST/STM32_USB_Device_Library/Class/CDC/Src/usbd_cdc.o
                0x0000000020000050                USBD_CDC_CfgHSDesc
 *fill*         0x0000000020000093        0x1 
 .data.USBD_CDC_CfgFSDesc
                0x0000000020000094       0x43 Middlewares/ST/STM32_USB_Device_Library/Class/CDC/Src/usbd_cdc.o
                0x0000000020000094                USBD_CDC_CfgFSDesc
 *fill*         0x00000000200000d7        0x1 
 .data.USBD_CDC_OtherSpeedCfgDesc
                0x00000000200000d8       0x43 Middlewares/ST/STM32_USB_Device_Library/Class/CDC/Src/usbd_cdc.o
                0x00000000200000d8                USBD_CDC_OtherSpeedCfgDesc
 *fill*         0x000000002000011b        0x1 
 .data.USBD_Interface_fops_FS
                0x000000002000011c       0x10 USB_DEVICE/App/usbd_cdc_if.o
                0x000000002000011c                USBD_Interface_fops_FS
 .data.FS_Desc  0x000000002000012c       0x1c USB_DEVICE/App/usbd_desc.o
                0x000000002000012c                FS_Desc
 .data.USBD_FS_DeviceDesc
                0x0000000020000148       0x12 USB_DEVICE/App/usbd_desc.o
                0x0000000020000148                USBD_FS_DeviceDesc
 *fill*         0x000000002000015a        0x2 
 .data.USBD_LangIDDesc
                0x000000002000015c        0x4 USB_DEVICE/App/usbd_desc.o
                0x000000002000015c                USBD_LangIDDesc
 .data.USBD_StringSerial
                0x0000000020000160       0x1a USB_DEVICE/App/usbd_desc.o
                0x0000000020000160                USBD_StringSerial
 *fill*         0x000000002000017a        0x2 
 .data._impure_ptr
                0x000000002000017c        0x4 /home/jeison/st/stm32cubeide_1.2.0/plugins/com.st.stm32cube.ide.mcu.externaltools.gnu-tools-for-stm32.7-2018-q2-update.linux64_1.0.0.201904181610/tools/bin/../lib/gcc/arm-none-eabi/7.3.1/../../../../arm-none-eabi/lib/thumb/v7-m/libc_nano.a(lib_a-impure.o)
                0x000000002000017c                _impure_ptr
 .data.impure_data
                0x0000000020000180       0x60 /home/jeison/st/stm32cubeide_1.2.0/plugins/com.st.stm32cube.ide.mcu.externaltools.gnu-tools-for-stm32.7-2018-q2-update.linux64_1.0.0.201904181610/tools/bin/../lib/gcc/arm-none-eabi/7.3.1/../../../../arm-none-eabi/lib/thumb/v7-m/libc_nano.a(lib_a-impure.o)
                0x00000000200001e0                . = ALIGN (0x4)
                0x00000000200001e0                _edata = .

.igot.plt       0x00000000200001e0        0x0 load address 0x00000000080066d0
 .igot.plt      0x00000000200001e0        0x0 /home/jeison/st/stm32cubeide_1.2.0/plugins/com.st.stm32cube.ide.mcu.externaltools.gnu-tools-for-stm32.7-2018-q2-update.linux64_1.0.0.201904181610/tools/bin/../lib/gcc/arm-none-eabi/7.3.1/thumb/v7-m/crtbegin.o
                0x00000000200001e0                . = ALIGN (0x4)

.bss            0x00000000200001e0     0x11ec load address 0x00000000080066d0
                0x00000000200001e0                _sbss = .
                0x00000000200001e0                __bss_start__ = _sbss
 *(.bss)
 .bss           0x00000000200001e0       0x1c /home/jeison/st/stm32cubeide_1.2.0/plugins/com.st.stm32cube.ide.mcu.externaltools.gnu-tools-for-stm32.7-2018-q2-update.linux64_1.0.0.201904181610/tools/bin/../lib/gcc/arm-none-eabi/7.3.1/thumb/v7-m/crtbegin.o
 *(.bss*)
 .bss.heap_end.5149
                0x00000000200001fc        0x4 Core/Src/sysmem.o
 .bss.cfgidx.7870
                0x0000000020000200        0x1 Middlewares/ST/STM32_USB_Device_Library/Core/Src/usbd_ctlreq.o
 *fill*         0x0000000020000201        0x3 
 .bss.mem.7935  0x0000000020000204      0x220 USB_DEVICE/Target/usbd_conf.o
 .bss.__malloc_free_list
                0x0000000020000424        0x4 /home/jeison/st/stm32cubeide_1.2.0/plugins/com.st.stm32cube.ide.mcu.externaltools.gnu-tools-for-stm32.7-2018-q2-update.linux64_1.0.0.201904181610/tools/bin/../lib/gcc/arm-none-eabi/7.3.1/../../../../arm-none-eabi/lib/thumb/v7-m/libc_nano.a(lib_a-nano-mallocr.o)
                0x0000000020000424                __malloc_free_list
 .bss.__malloc_sbrk_start
                0x0000000020000428        0x4 /home/jeison/st/stm32cubeide_1.2.0/plugins/com.st.stm32cube.ide.mcu.externaltools.gnu-tools-for-stm32.7-2018-q2-update.linux64_1.0.0.201904181610/tools/bin/../lib/gcc/arm-none-eabi/7.3.1/../../../../arm-none-eabi/lib/thumb/v7-m/libc_nano.a(lib_a-nano-mallocr.o)
                0x0000000020000428                __malloc_sbrk_start
 *(COMMON)
 COMMON         0x000000002000042c       0x95 Core/Src/main.o
                0x000000002000042c                hi2c1
                0x0000000020000480                CDC_rx_flag
                0x0000000020000484                CDC_tx_buff
                0x00000000200004c0                CDC_size_buff
 *fill*         0x00000000200004c1        0x3 
 COMMON         0x00000000200004c4        0x4 Drivers/STM32F1xx_HAL_Driver/Src/stm32f1xx_hal.o
                0x00000000200004c4                uwTick
 COMMON         0x00000000200004c8      0x2c4 USB_DEVICE/App/usb_device.o
                0x00000000200004c8                hUsbDeviceFS
 COMMON         0x000000002000078c      0x7d0 USB_DEVICE/App/usbd_cdc_if.o
                0x000000002000078c                UserRxBufferFS
                0x0000000020000b74                UserTxBufferFS
 COMMON         0x0000000020000f5c      0x200 USB_DEVICE/App/usbd_desc.o
                0x0000000020000f5c                USBD_StrDesc
 COMMON         0x000000002000115c      0x26c USB_DEVICE/Target/usbd_conf.o
                0x000000002000115c                hpcd_USB_FS
 COMMON         0x00000000200013c8        0x4 /home/jeison/st/stm32cubeide_1.2.0/plugins/com.st.stm32cube.ide.mcu.externaltools.gnu-tools-for-stm32.7-2018-q2-update.linux64_1.0.0.201904181610/tools/bin/../lib/gcc/arm-none-eabi/7.3.1/../../../../arm-none-eabi/lib/thumb/v7-m/libc_nano.a(lib_a-reent.o)
                0x00000000200013c8                errno
                0x00000000200013cc                . = ALIGN (0x4)
                0x00000000200013cc                _ebss = .
                0x00000000200013cc                __bss_end__ = _ebss

._user_heap_stack
                0x00000000200013cc      0x604 load address 0x00000000080066d0
                0x00000000200013d0                . = ALIGN (0x8)
 *fill*         0x00000000200013cc        0x4 
                0x00000000200013d0                PROVIDE (end = .)
                [!provide]                        PROVIDE (_end = .)
                0x00000000200015d0                . = (. + _Min_Heap_Size)
 *fill*         0x00000000200013d0      0x200 
                0x00000000200019d0                . = (. + _Min_Stack_Size)
 *fill*         0x00000000200015d0      0x400 
                0x00000000200019d0                . = ALIGN (0x8)

/DISCARD/
 libc.a(*)
 libm.a(*)
 libgcc.a(*)

.ARM.attributes
                0x0000000000000000       0x29
 *(.ARM.attributes)
 .ARM.attributes
                0x0000000000000000       0x1d /home/jeison/st/stm32cubeide_1.2.0/plugins/com.st.stm32cube.ide.mcu.externaltools.gnu-tools-for-stm32.7-2018-q2-update.linux64_1.0.0.201904181610/tools/bin/../lib/gcc/arm-none-eabi/7.3.1/thumb/v7-m/crti.o
 .ARM.attributes
                0x000000000000001d       0x2d /home/jeison/st/stm32cubeide_1.2.0/plugins/com.st.stm32cube.ide.mcu.externaltools.gnu-tools-for-stm32.7-2018-q2-update.linux64_1.0.0.201904181610/tools/bin/../lib/gcc/arm-none-eabi/7.3.1/thumb/v7-m/crtbegin.o
 .ARM.attributes
                0x000000000000004a       0x33 Core/Src/main.o
 .ARM.attributes
                0x000000000000007d       0x33 Core/Src/stm32f1xx_hal_msp.o
 .ARM.attributes
                0x00000000000000b0       0x33 Core/Src/stm32f1xx_it.o
 .ARM.attributes
                0x00000000000000e3       0x33 Core/Src/sysmem.o
 .ARM.attributes
                0x0000000000000116       0x33 Core/Src/system_stm32f1xx.o
 .ARM.attributes
                0x0000000000000149       0x21 Core/Startup/startup_stm32f103c8tx.o
 .ARM.attributes
                0x000000000000016a       0x33 Drivers/STM32F1xx_HAL_Driver/Src/stm32f1xx_hal.o
 .ARM.attributes
                0x000000000000019d       0x33 Drivers/STM32F1xx_HAL_Driver/Src/stm32f1xx_hal_cortex.o
 .ARM.attributes
                0x00000000000001d0       0x33 Drivers/STM32F1xx_HAL_Driver/Src/stm32f1xx_hal_gpio.o
 .ARM.attributes
                0x0000000000000203       0x33 Drivers/STM32F1xx_HAL_Driver/Src/stm32f1xx_hal_i2c.o
 .ARM.attributes
                0x0000000000000236       0x33 Drivers/STM32F1xx_HAL_Driver/Src/stm32f1xx_hal_pcd.o
 .ARM.attributes
                0x0000000000000269       0x33 Drivers/STM32F1xx_HAL_Driver/Src/stm32f1xx_hal_pcd_ex.o
 .ARM.attributes
                0x000000000000029c       0x33 Drivers/STM32F1xx_HAL_Driver/Src/stm32f1xx_hal_rcc.o
 .ARM.attributes
                0x00000000000002cf       0x33 Drivers/STM32F1xx_HAL_Driver/Src/stm32f1xx_hal_rcc_ex.o
 .ARM.attributes
                0x0000000000000302       0x33 Drivers/STM32F1xx_HAL_Driver/Src/stm32f1xx_ll_usb.o
 .ARM.attributes
                0x0000000000000335       0x33 Middlewares/ST/STM32_USB_Device_Library/Class/CDC/Src/usbd_cdc.o
 .ARM.attributes
                0x0000000000000368       0x33 Middlewares/ST/STM32_USB_Device_Library/Core/Src/usbd_core.o
 .ARM.attributes
                0x000000000000039b       0x33 Middlewares/ST/STM32_USB_Device_Library/Core/Src/usbd_ctlreq.o
 .ARM.attributes
                0x00000000000003ce       0x33 Middlewares/ST/STM32_USB_Device_Library/Core/Src/usbd_ioreq.o
 .ARM.attributes
                0x0000000000000401       0x33 USB_DEVICE/App/usb_device.o
 .ARM.attributes
                0x0000000000000434       0x33 USB_DEVICE/App/usbd_cdc_if.o
 .ARM.attributes
                0x0000000000000467       0x33 USB_DEVICE/App/usbd_desc.o
 .ARM.attributes
                0x000000000000049a       0x33 USB_DEVICE/Target/usbd_conf.o
 .ARM.attributes
                0x00000000000004cd       0x2d /home/jeison/st/stm32cubeide_1.2.0/plugins/com.st.stm32cube.ide.mcu.externaltools.gnu-tools-for-stm32.7-2018-q2-update.linux64_1.0.0.201904181610/tools/bin/../lib/gcc/arm-none-eabi/7.3.1/../../../../arm-none-eabi/lib/thumb/v7-m/libc_nano.a(lib_a-errno.o)
 .ARM.attributes
                0x00000000000004fa       0x2d /home/jeison/st/stm32cubeide_1.2.0/plugins/com.st.stm32cube.ide.mcu.externaltools.gnu-tools-for-stm32.7-2018-q2-update.linux64_1.0.0.201904181610/tools/bin/../lib/gcc/arm-none-eabi/7.3.1/../../../../arm-none-eabi/lib/thumb/v7-m/libc_nano.a(lib_a-impure.o)
 .ARM.attributes
                0x0000000000000527       0x2d /home/jeison/st/stm32cubeide_1.2.0/plugins/com.st.stm32cube.ide.mcu.externaltools.gnu-tools-for-stm32.7-2018-q2-update.linux64_1.0.0.201904181610/tools/bin/../lib/gcc/arm-none-eabi/7.3.1/../../../../arm-none-eabi/lib/thumb/v7-m/libc_nano.a(lib_a-init.o)
 .ARM.attributes
                0x0000000000000554       0x2d /home/jeison/st/stm32cubeide_1.2.0/plugins/com.st.stm32cube.ide.mcu.externaltools.gnu-tools-for-stm32.7-2018-q2-update.linux64_1.0.0.201904181610/tools/bin/../lib/gcc/arm-none-eabi/7.3.1/../../../../arm-none-eabi/lib/thumb/v7-m/libc_nano.a(lib_a-memset.o)
 .ARM.attributes
                0x0000000000000581       0x2d /home/jeison/st/stm32cubeide_1.2.0/plugins/com.st.stm32cube.ide.mcu.externaltools.gnu-tools-for-stm32.7-2018-q2-update.linux64_1.0.0.201904181610/tools/bin/../lib/gcc/arm-none-eabi/7.3.1/../../../../arm-none-eabi/lib/thumb/v7-m/libc_nano.a(lib_a-sprintf.o)
 .ARM.attributes
                0x00000000000005ae       0x2d /home/jeison/st/stm32cubeide_1.2.0/plugins/com.st.stm32cube.ide.mcu.externaltools.gnu-tools-for-stm32.7-2018-q2-update.linux64_1.0.0.201904181610/tools/bin/../lib/gcc/arm-none-eabi/7.3.1/../../../../arm-none-eabi/lib/thumb/v7-m/libc_nano.a(lib_a-nano-svfprintf.o)
 .ARM.attributes
                0x00000000000005db       0x2d /home/jeison/st/stm32cubeide_1.2.0/plugins/com.st.stm32cube.ide.mcu.externaltools.gnu-tools-for-stm32.7-2018-q2-update.linux64_1.0.0.201904181610/tools/bin/../lib/gcc/arm-none-eabi/7.3.1/../../../../arm-none-eabi/lib/thumb/v7-m/libc_nano.a(lib_a-nano-vfprintf_i.o)
 .ARM.attributes
                0x0000000000000608       0x2d /home/jeison/st/stm32cubeide_1.2.0/plugins/com.st.stm32cube.ide.mcu.externaltools.gnu-tools-for-stm32.7-2018-q2-update.linux64_1.0.0.201904181610/tools/bin/../lib/gcc/arm-none-eabi/7.3.1/../../../../arm-none-eabi/lib/thumb/v7-m/libc_nano.a(lib_a-memchr-stub.o)
 .ARM.attributes
                0x0000000000000635       0x2d /home/jeison/st/stm32cubeide_1.2.0/plugins/com.st.stm32cube.ide.mcu.externaltools.gnu-tools-for-stm32.7-2018-q2-update.linux64_1.0.0.201904181610/tools/bin/../lib/gcc/arm-none-eabi/7.3.1/../../../../arm-none-eabi/lib/thumb/v7-m/libc_nano.a(lib_a-memcpy-stub.o)
 .ARM.attributes
                0x0000000000000662       0x2d /home/jeison/st/stm32cubeide_1.2.0/plugins/com.st.stm32cube.ide.mcu.externaltools.gnu-tools-for-stm32.7-2018-q2-update.linux64_1.0.0.201904181610/tools/bin/../lib/gcc/arm-none-eabi/7.3.1/../../../../arm-none-eabi/lib/thumb/v7-m/libc_nano.a(lib_a-memmove.o)
 .ARM.attributes
                0x000000000000068f       0x2d /home/jeison/st/stm32cubeide_1.2.0/plugins/com.st.stm32cube.ide.mcu.externaltools.gnu-tools-for-stm32.7-2018-q2-update.linux64_1.0.0.201904181610/tools/bin/../lib/gcc/arm-none-eabi/7.3.1/../../../../arm-none-eabi/lib/thumb/v7-m/libc_nano.a(lib_a-nano-freer.o)
 .ARM.attributes
                0x00000000000006bc       0x2d /home/jeison/st/stm32cubeide_1.2.0/plugins/com.st.stm32cube.ide.mcu.externaltools.gnu-tools-for-stm32.7-2018-q2-update.linux64_1.0.0.201904181610/tools/bin/../lib/gcc/arm-none-eabi/7.3.1/../../../../arm-none-eabi/lib/thumb/v7-m/libc_nano.a(lib_a-nano-mallocr.o)
 .ARM.attributes
                0x00000000000006e9       0x2d /home/jeison/st/stm32cubeide_1.2.0/plugins/com.st.stm32cube.ide.mcu.externaltools.gnu-tools-for-stm32.7-2018-q2-update.linux64_1.0.0.201904181610/tools/bin/../lib/gcc/arm-none-eabi/7.3.1/../../../../arm-none-eabi/lib/thumb/v7-m/libc_nano.a(lib_a-nano-reallocr.o)
 .ARM.attributes
                0x0000000000000716       0x2d /home/jeison/st/stm32cubeide_1.2.0/plugins/com.st.stm32cube.ide.mcu.externaltools.gnu-tools-for-stm32.7-2018-q2-update.linux64_1.0.0.201904181610/tools/bin/../lib/gcc/arm-none-eabi/7.3.1/../../../../arm-none-eabi/lib/thumb/v7-m/libc_nano.a(lib_a-sbrkr.o)
 .ARM.attributes
                0x0000000000000743       0x2d /home/jeison/st/stm32cubeide_1.2.0/plugins/com.st.stm32cube.ide.mcu.externaltools.gnu-tools-for-stm32.7-2018-q2-update.linux64_1.0.0.201904181610/tools/bin/../lib/gcc/arm-none-eabi/7.3.1/../../../../arm-none-eabi/lib/thumb/v7-m/libc_nano.a(lib_a-mlock.o)
 .ARM.attributes
                0x0000000000000770       0x2d /home/jeison/st/stm32cubeide_1.2.0/plugins/com.st.stm32cube.ide.mcu.externaltools.gnu-tools-for-stm32.7-2018-q2-update.linux64_1.0.0.201904181610/tools/bin/../lib/gcc/arm-none-eabi/7.3.1/../../../../arm-none-eabi/lib/thumb/v7-m/libc_nano.a(lib_a-nano-msizer.o)
 .ARM.attributes
                0x000000000000079d       0x2d /home/jeison/st/stm32cubeide_1.2.0/plugins/com.st.stm32cube.ide.mcu.externaltools.gnu-tools-for-stm32.7-2018-q2-update.linux64_1.0.0.201904181610/tools/bin/../lib/gcc/arm-none-eabi/7.3.1/../../../../arm-none-eabi/lib/thumb/v7-m/libc_nano.a(lib_a-reent.o)
 .ARM.attributes
                0x00000000000007ca       0x1d /home/jeison/st/stm32cubeide_1.2.0/plugins/com.st.stm32cube.ide.mcu.externaltools.gnu-tools-for-stm32.7-2018-q2-update.linux64_1.0.0.201904181610/tools/bin/../lib/gcc/arm-none-eabi/7.3.1/thumb/v7-m/crtn.o
OUTPUT(I2C.elf elf32-littlearm)

.debug_info     0x0000000000000000    0x1364f
 .debug_info    0x0000000000000000     0x12c3 Core/Src/main.o
 .debug_info    0x00000000000012c3      0x8d6 Core/Src/stm32f1xx_hal_msp.o
 .debug_info    0x0000000000001b99      0x681 Core/Src/stm32f1xx_it.o
 .debug_info    0x000000000000221a      0x91c Core/Src/sysmem.o
 .debug_info    0x0000000000002b36      0x433 Core/Src/system_stm32f1xx.o
 .debug_info    0x0000000000002f69       0x22 Core/Startup/startup_stm32f103c8tx.o
 .debug_info    0x0000000000002f8b      0x6fe Drivers/STM32F1xx_HAL_Driver/Src/stm32f1xx_hal.o
 .debug_info    0x0000000000003689      0xb46 Drivers/STM32F1xx_HAL_Driver/Src/stm32f1xx_hal_cortex.o
 .debug_info    0x00000000000041cf      0x681 Drivers/STM32F1xx_HAL_Driver/Src/stm32f1xx_hal_gpio.o
 .debug_info    0x0000000000004850     0x2457 Drivers/STM32F1xx_HAL_Driver/Src/stm32f1xx_hal_i2c.o
 .debug_info    0x0000000000006ca7      0xe38 Drivers/STM32F1xx_HAL_Driver/Src/stm32f1xx_hal_pcd.o
 .debug_info    0x0000000000007adf      0x760 Drivers/STM32F1xx_HAL_Driver/Src/stm32f1xx_hal_pcd_ex.o
 .debug_info    0x000000000000823f      0x804 Drivers/STM32F1xx_HAL_Driver/Src/stm32f1xx_hal_rcc.o
 .debug_info    0x0000000000008a43      0x439 Drivers/STM32F1xx_HAL_Driver/Src/stm32f1xx_hal_rcc_ex.o
 .debug_info    0x0000000000008e7c     0x14f9 Drivers/STM32F1xx_HAL_Driver/Src/stm32f1xx_ll_usb.o
 .debug_info    0x000000000000a375     0x1791 Middlewares/ST/STM32_USB_Device_Library/Class/CDC/Src/usbd_cdc.o
 .debug_info    0x000000000000bb06     0x11c2 Middlewares/ST/STM32_USB_Device_Library/Core/Src/usbd_core.o
 .debug_info    0x000000000000ccc8     0x1132 Middlewares/ST/STM32_USB_Device_Library/Core/Src/usbd_ctlreq.o
 .debug_info    0x000000000000ddfa      0xf23 Middlewares/ST/STM32_USB_Device_Library/Core/Src/usbd_ioreq.o
 .debug_info    0x000000000000ed1d      0xe6b USB_DEVICE/App/usb_device.o
 .debug_info    0x000000000000fb88     0x102b USB_DEVICE/App/usbd_cdc_if.o
 .debug_info    0x0000000000010bb3      0xd07 USB_DEVICE/App/usbd_desc.o
 .debug_info    0x00000000000118ba     0x1d95 USB_DEVICE/Target/usbd_conf.o

.debug_abbrev   0x0000000000000000     0x2daa
 .debug_abbrev  0x0000000000000000      0x247 Core/Src/main.o
 .debug_abbrev  0x0000000000000247      0x18c Core/Src/stm32f1xx_hal_msp.o
 .debug_abbrev  0x00000000000003d3      0x155 Core/Src/stm32f1xx_it.o
 .debug_abbrev  0x0000000000000528      0x1bb Core/Src/sysmem.o
 .debug_abbrev  0x00000000000006e3      0x134 Core/Src/system_stm32f1xx.o
 .debug_abbrev  0x0000000000000817       0x12 Core/Startup/startup_stm32f103c8tx.o
 .debug_abbrev  0x0000000000000829      0x1d8 Drivers/STM32F1xx_HAL_Driver/Src/stm32f1xx_hal.o
 .debug_abbrev  0x0000000000000a01      0x2d5 Drivers/STM32F1xx_HAL_Driver/Src/stm32f1xx_hal_cortex.o
 .debug_abbrev  0x0000000000000cd6      0x1c0 Drivers/STM32F1xx_HAL_Driver/Src/stm32f1xx_hal_gpio.o
 .debug_abbrev  0x0000000000000e96      0x258 Drivers/STM32F1xx_HAL_Driver/Src/stm32f1xx_hal_i2c.o
 .debug_abbrev  0x00000000000010ee      0x263 Drivers/STM32F1xx_HAL_Driver/Src/stm32f1xx_hal_pcd.o
 .debug_abbrev  0x0000000000001351      0x188 Drivers/STM32F1xx_HAL_Driver/Src/stm32f1xx_hal_pcd_ex.o
 .debug_abbrev  0x00000000000014d9      0x243 Drivers/STM32F1xx_HAL_Driver/Src/stm32f1xx_hal_rcc.o
 .debug_abbrev  0x000000000000171c      0x175 Drivers/STM32F1xx_HAL_Driver/Src/stm32f1xx_hal_rcc_ex.o
 .debug_abbrev  0x0000000000001891      0x1c5 Drivers/STM32F1xx_HAL_Driver/Src/stm32f1xx_ll_usb.o
 .debug_abbrev  0x0000000000001a56      0x2b6 Middlewares/ST/STM32_USB_Device_Library/Class/CDC/Src/usbd_cdc.o
 .debug_abbrev  0x0000000000001d0c      0x270 Middlewares/ST/STM32_USB_Device_Library/Core/Src/usbd_core.o
 .debug_abbrev  0x0000000000001f7c      0x2a0 Middlewares/ST/STM32_USB_Device_Library/Core/Src/usbd_ctlreq.o
 .debug_abbrev  0x000000000000221c      0x1e0 Middlewares/ST/STM32_USB_Device_Library/Core/Src/usbd_ioreq.o
 .debug_abbrev  0x00000000000023fc      0x1be USB_DEVICE/App/usb_device.o
 .debug_abbrev  0x00000000000025ba      0x285 USB_DEVICE/App/usbd_cdc_if.o
 .debug_abbrev  0x000000000000283f      0x290 USB_DEVICE/App/usbd_desc.o
 .debug_abbrev  0x0000000000002acf      0x2db USB_DEVICE/Target/usbd_conf.o

.debug_aranges  0x0000000000000000      0xd28
 .debug_aranges
                0x0000000000000000       0x40 Core/Src/main.o
 .debug_aranges
                0x0000000000000040       0x30 Core/Src/stm32f1xx_hal_msp.o
 .debug_aranges
                0x0000000000000070       0x68 Core/Src/stm32f1xx_it.o
 .debug_aranges
                0x00000000000000d8       0x20 Core/Src/sysmem.o
 .debug_aranges
                0x00000000000000f8       0x28 Core/Src/system_stm32f1xx.o
 .debug_aranges
                0x0000000000000120       0x28 Core/Startup/startup_stm32f103c8tx.o
 .debug_aranges
                0x0000000000000148       0xe0 Drivers/STM32F1xx_HAL_Driver/Src/stm32f1xx_hal.o
 .debug_aranges
                0x0000000000000228      0x100 Drivers/STM32F1xx_HAL_Driver/Src/stm32f1xx_hal_cortex.o
 .debug_aranges
                0x0000000000000328       0x58 Drivers/STM32F1xx_HAL_Driver/Src/stm32f1xx_hal_gpio.o
 .debug_aranges
                0x0000000000000380      0x290 Drivers/STM32F1xx_HAL_Driver/Src/stm32f1xx_hal_i2c.o
 .debug_aranges
                0x0000000000000610      0x120 Drivers/STM32F1xx_HAL_Driver/Src/stm32f1xx_hal_pcd.o
 .debug_aranges
                0x0000000000000730       0x38 Drivers/STM32F1xx_HAL_Driver/Src/stm32f1xx_hal_pcd_ex.o
 .debug_aranges
                0x0000000000000768       0x90 Drivers/STM32F1xx_HAL_Driver/Src/stm32f1xx_hal_rcc.o
 .debug_aranges
                0x00000000000007f8       0x30 Drivers/STM32F1xx_HAL_Driver/Src/stm32f1xx_hal_rcc_ex.o
 .debug_aranges
                0x0000000000000828      0x108 Drivers/STM32F1xx_HAL_Driver/Src/stm32f1xx_ll_usb.o
 .debug_aranges
                0x0000000000000930       0x90 Middlewares/ST/STM32_USB_Device_Library/Class/CDC/Src/usbd_cdc.o
 .debug_aranges
                0x00000000000009c0       0xb8 Middlewares/ST/STM32_USB_Device_Library/Core/Src/usbd_core.o
 .debug_aranges
                0x0000000000000a78       0x88 Middlewares/ST/STM32_USB_Device_Library/Core/Src/usbd_ctlreq.o
 .debug_aranges
                0x0000000000000b00       0x50 Middlewares/ST/STM32_USB_Device_Library/Core/Src/usbd_ioreq.o
 .debug_aranges
                0x0000000000000b50       0x20 USB_DEVICE/App/usb_device.o
 .debug_aranges
                0x0000000000000b70       0x40 USB_DEVICE/App/usbd_cdc_if.o
 .debug_aranges
                0x0000000000000bb0       0x60 USB_DEVICE/App/usbd_desc.o
 .debug_aranges
                0x0000000000000c10      0x118 USB_DEVICE/Target/usbd_conf.o

.debug_ranges   0x0000000000000000      0xbe0
 .debug_ranges  0x0000000000000000       0x30 Core/Src/main.o
 .debug_ranges  0x0000000000000030       0x20 Core/Src/stm32f1xx_hal_msp.o
 .debug_ranges  0x0000000000000050       0x58 Core/Src/stm32f1xx_it.o
 .debug_ranges  0x00000000000000a8       0x10 Core/Src/sysmem.o
 .debug_ranges  0x00000000000000b8       0x18 Core/Src/system_stm32f1xx.o
 .debug_ranges  0x00000000000000d0       0x20 Core/Startup/startup_stm32f103c8tx.o
 .debug_ranges  0x00000000000000f0       0xd0 Drivers/STM32F1xx_HAL_Driver/Src/stm32f1xx_hal.o
 .debug_ranges  0x00000000000001c0       0xf0 Drivers/STM32F1xx_HAL_Driver/Src/stm32f1xx_hal_cortex.o
 .debug_ranges  0x00000000000002b0       0x48 Drivers/STM32F1xx_HAL_Driver/Src/stm32f1xx_hal_gpio.o
 .debug_ranges  0x00000000000002f8      0x2a0 Drivers/STM32F1xx_HAL_Driver/Src/stm32f1xx_hal_i2c.o
 .debug_ranges  0x0000000000000598      0x110 Drivers/STM32F1xx_HAL_Driver/Src/stm32f1xx_hal_pcd.o
 .debug_ranges  0x00000000000006a8       0x28 Drivers/STM32F1xx_HAL_Driver/Src/stm32f1xx_hal_pcd_ex.o
 .debug_ranges  0x00000000000006d0       0x80 Drivers/STM32F1xx_HAL_Driver/Src/stm32f1xx_hal_rcc.o
 .debug_ranges  0x0000000000000750       0x20 Drivers/STM32F1xx_HAL_Driver/Src/stm32f1xx_hal_rcc_ex.o
 .debug_ranges  0x0000000000000770       0xf8 Drivers/STM32F1xx_HAL_Driver/Src/stm32f1xx_ll_usb.o
 .debug_ranges  0x0000000000000868       0x80 Middlewares/ST/STM32_USB_Device_Library/Class/CDC/Src/usbd_cdc.o
 .debug_ranges  0x00000000000008e8       0xa8 Middlewares/ST/STM32_USB_Device_Library/Core/Src/usbd_core.o
 .debug_ranges  0x0000000000000990       0x78 Middlewares/ST/STM32_USB_Device_Library/Core/Src/usbd_ctlreq.o
 .debug_ranges  0x0000000000000a08       0x40 Middlewares/ST/STM32_USB_Device_Library/Core/Src/usbd_ioreq.o
 .debug_ranges  0x0000000000000a48       0x10 USB_DEVICE/App/usb_device.o
 .debug_ranges  0x0000000000000a58       0x30 USB_DEVICE/App/usbd_cdc_if.o
 .debug_ranges  0x0000000000000a88       0x50 USB_DEVICE/App/usbd_desc.o
 .debug_ranges  0x0000000000000ad8      0x108 USB_DEVICE/Target/usbd_conf.o

.debug_macro    0x0000000000000000    0x16992
 .debug_macro   0x0000000000000000      0x39a Core/Src/main.o
 .debug_macro   0x000000000000039a      0xa5a Core/Src/main.o
 .debug_macro   0x0000000000000df4      0x21b Core/Src/main.o
 .debug_macro   0x000000000000100f       0x2e Core/Src/main.o
 .debug_macro   0x000000000000103d       0x22 Core/Src/main.o
 .debug_macro   0x000000000000105f       0x22 Core/Src/main.o
 .debug_macro   0x0000000000001081       0x8e Core/Src/main.o
 .debug_macro   0x000000000000110f       0x51 Core/Src/main.o
 .debug_macro   0x0000000000001160       0xef Core/Src/main.o
 .debug_macro   0x000000000000124f       0x6a Core/Src/main.o
 .debug_macro   0x00000000000012b9      0x1df Core/Src/main.o
 .debug_macro   0x0000000000001498       0x1c Core/Src/main.o
 .debug_macro   0x00000000000014b4       0x22 Core/Src/main.o
 .debug_macro   0x00000000000014d6       0xc3 Core/Src/main.o
 .debug_macro   0x0000000000001599      0xd23 Core/Src/main.o
 .debug_macro   0x00000000000022bc     0xe09e Core/Src/main.o
 .debug_macro   0x000000000001035a       0x43 Core/Src/main.o
 .debug_macro   0x000000000001039d      0x174 Core/Src/main.o
 .debug_macro   0x0000000000010511       0x5a Core/Src/main.o
 .debug_macro   0x000000000001056b      0x5be Core/Src/main.o
 .debug_macro   0x0000000000010b29      0x289 Core/Src/main.o
 .debug_macro   0x0000000000010db2      0x1cb Core/Src/main.o
 .debug_macro   0x0000000000010f7d      0x114 Core/Src/main.o
 .debug_macro   0x0000000000011091      0x1b2 Core/Src/main.o
 .debug_macro   0x0000000000011243       0x27 Core/Src/main.o
 .debug_macro   0x000000000001126a      0x136 Core/Src/main.o
 .debug_macro   0x00000000000113a0      0x1bc Core/Src/main.o
 .debug_macro   0x000000000001155c       0x34 Core/Src/main.o
 .debug_macro   0x0000000000011590       0x3c Core/Src/main.o
 .debug_macro   0x00000000000115cc       0x57 Core/Src/main.o
 .debug_macro   0x0000000000011623       0x88 Core/Src/main.o
 .debug_macro   0x00000000000116ab      0x241 Core/Src/main.o
 .debug_macro   0x00000000000118ec      0x280 Core/Src/main.o
 .debug_macro   0x0000000000011b6c      0x141 Core/Src/main.o
 .debug_macro   0x0000000000011cad       0x65 Core/Src/main.o
 .debug_macro   0x0000000000011d12      0x249 Core/Src/main.o
 .debug_macro   0x0000000000011f5b       0x83 Core/Src/main.o
 .debug_macro   0x0000000000011fde       0x10 Core/Src/main.o
 .debug_macro   0x0000000000011fee       0x46 Core/Src/main.o
 .debug_macro   0x0000000000012034       0x18 Core/Src/main.o
 .debug_macro   0x000000000001204c       0x3c Core/Src/main.o
 .debug_macro   0x0000000000012088       0x34 Core/Src/main.o
 .debug_macro   0x00000000000120bc       0x16 Core/Src/main.o
 .debug_macro   0x00000000000120d2       0x35 Core/Src/main.o
 .debug_macro   0x0000000000012107      0x32a Core/Src/main.o
 .debug_macro   0x0000000000012431       0x10 Core/Src/main.o
 .debug_macro   0x0000000000012441       0x52 Core/Src/main.o
 .debug_macro   0x0000000000012493       0x1f Core/Src/main.o
 .debug_macro   0x00000000000124b2       0x43 Core/Src/main.o
 .debug_macro   0x00000000000124f5       0x20 Core/Src/main.o
 .debug_macro   0x0000000000012515      0x1a3 Core/Src/main.o
 .debug_macro   0x00000000000126b8       0x10 Core/Src/main.o
 .debug_macro   0x00000000000126c8       0x1c Core/Src/main.o
 .debug_macro   0x00000000000126e4       0x52 Core/Src/main.o
 .debug_macro   0x0000000000012736       0x40 Core/Src/main.o
 .debug_macro   0x0000000000012776       0x10 Core/Src/main.o
 .debug_macro   0x0000000000012786       0x40 Core/Src/main.o
 .debug_macro   0x00000000000127c6       0xd7 Core/Src/main.o
 .debug_macro   0x000000000001289d       0x1c Core/Src/main.o
 .debug_macro   0x00000000000128b9       0x3d Core/Src/main.o
 .debug_macro   0x00000000000128f6       0x16 Core/Src/main.o
 .debug_macro   0x000000000001290c      0x145 Core/Src/main.o
 .debug_macro   0x0000000000012a51       0x16 Core/Src/main.o
 .debug_macro   0x0000000000012a67       0x16 Core/Src/main.o
 .debug_macro   0x0000000000012a7d       0x29 Core/Src/main.o
 .debug_macro   0x0000000000012aa6       0x16 Core/Src/main.o
 .debug_macro   0x0000000000012abc       0x20 Core/Src/main.o
 .debug_macro   0x0000000000012adc       0x60 Core/Src/main.o
 .debug_macro   0x0000000000012b3c      0x1c8 Core/Src/main.o
 .debug_macro   0x0000000000012d04      0x1b8 Core/Src/stm32f1xx_hal_msp.o
 .debug_macro   0x0000000000012ebc      0x1c2 Core/Src/stm32f1xx_it.o
 .debug_macro   0x000000000001307e      0x1ae Core/Src/sysmem.o
 .debug_macro   0x000000000001322c      0x23b Core/Src/sysmem.o
 .debug_macro   0x0000000000013467      0x1af Core/Src/system_stm32f1xx.o
 .debug_macro   0x0000000000013616      0x1cd Drivers/STM32F1xx_HAL_Driver/Src/stm32f1xx_hal.o
 .debug_macro   0x00000000000137e3      0x1a9 Drivers/STM32F1xx_HAL_Driver/Src/stm32f1xx_hal_cortex.o
 .debug_macro   0x000000000001398c      0x214 Drivers/STM32F1xx_HAL_Driver/Src/stm32f1xx_hal_gpio.o
 .debug_macro   0x0000000000013ba0      0x1e9 Drivers/STM32F1xx_HAL_Driver/Src/stm32f1xx_hal_i2c.o
 .debug_macro   0x0000000000013d89      0x1b5 Drivers/STM32F1xx_HAL_Driver/Src/stm32f1xx_hal_pcd.o
 .debug_macro   0x0000000000013f3e      0x1a9 Drivers/STM32F1xx_HAL_Driver/Src/stm32f1xx_hal_pcd_ex.o
 .debug_macro   0x00000000000140e7      0x1bb Drivers/STM32F1xx_HAL_Driver/Src/stm32f1xx_hal_rcc.o
 .debug_macro   0x00000000000142a2      0x1a9 Drivers/STM32F1xx_HAL_Driver/Src/stm32f1xx_hal_rcc_ex.o
 .debug_macro   0x000000000001444b      0x1a9 Drivers/STM32F1xx_HAL_Driver/Src/stm32f1xx_ll_usb.o
 .debug_macro   0x00000000000145f4      0x3c5 Middlewares/ST/STM32_USB_Device_Library/Class/CDC/Src/usbd_cdc.o
 .debug_macro   0x00000000000149b9       0x97 Middlewares/ST/STM32_USB_Device_Library/Class/CDC/Src/usbd_cdc.o
 .debug_macro   0x0000000000014a50       0xfd Middlewares/ST/STM32_USB_Device_Library/Class/CDC/Src/usbd_cdc.o
 .debug_macro   0x0000000000014b4d       0xbd Middlewares/ST/STM32_USB_Device_Library/Class/CDC/Src/usbd_cdc.o
 .debug_macro   0x0000000000014c0a       0x54 Middlewares/ST/STM32_USB_Device_Library/Class/CDC/Src/usbd_cdc.o
 .debug_macro   0x0000000000014c5e       0x8f Middlewares/ST/STM32_USB_Device_Library/Class/CDC/Src/usbd_cdc.o
 .debug_macro   0x0000000000014ced      0x3ac Middlewares/ST/STM32_USB_Device_Library/Core/Src/usbd_core.o
 .debug_macro   0x0000000000015099      0x1ce Middlewares/ST/STM32_USB_Device_Library/Core/Src/usbd_core.o
 .debug_macro   0x0000000000015267      0x3b6 Middlewares/ST/STM32_USB_Device_Library/Core/Src/usbd_ctlreq.o
 .debug_macro   0x000000000001561d      0x3b2 Middlewares/ST/STM32_USB_Device_Library/Core/Src/usbd_ioreq.o
 .debug_macro   0x00000000000159cf      0x3e6 USB_DEVICE/App/usb_device.o
 .debug_macro   0x0000000000015db5       0x16 USB_DEVICE/App/usb_device.o
 .debug_macro   0x0000000000015dcb       0x22 USB_DEVICE/App/usb_device.o
 .debug_macro   0x0000000000015ded      0x3d7 USB_DEVICE/App/usbd_cdc_if.o
 .debug_macro   0x00000000000161c4      0x3e9 USB_DEVICE/App/usbd_desc.o
 .debug_macro   0x00000000000165ad       0x1c USB_DEVICE/App/usbd_desc.o
 .debug_macro   0x00000000000165c9      0x3c9 USB_DEVICE/Target/usbd_conf.o

.debug_line     0x0000000000000000     0xd87a
 .debug_line    0x0000000000000000      0x97f Core/Src/main.o
 .debug_line    0x000000000000097f      0x676 Core/Src/stm32f1xx_hal_msp.o
 .debug_line    0x0000000000000ff5      0x6fd Core/Src/stm32f1xx_it.o
 .debug_line    0x00000000000016f2      0x559 Core/Src/sysmem.o
 .debug_line    0x0000000000001c4b      0x678 Core/Src/system_stm32f1xx.o
 .debug_line    0x00000000000022c3       0x84 Core/Startup/startup_stm32f103c8tx.o
 .debug_line    0x0000000000002347      0x820 Drivers/STM32F1xx_HAL_Driver/Src/stm32f1xx_hal.o
 .debug_line    0x0000000000002b67      0x8f9 Drivers/STM32F1xx_HAL_Driver/Src/stm32f1xx_hal_cortex.o
 .debug_line    0x0000000000003460      0x820 Drivers/STM32F1xx_HAL_Driver/Src/stm32f1xx_hal_gpio.o
 .debug_line    0x0000000000003c80     0x1ae3 Drivers/STM32F1xx_HAL_Driver/Src/stm32f1xx_hal_i2c.o
 .debug_line    0x0000000000005763      0xb13 Drivers/STM32F1xx_HAL_Driver/Src/stm32f1xx_hal_pcd.o
 .debug_line    0x0000000000006276      0x693 Drivers/STM32F1xx_HAL_Driver/Src/stm32f1xx_hal_pcd_ex.o
 .debug_line    0x0000000000006909      0x8e2 Drivers/STM32F1xx_HAL_Driver/Src/stm32f1xx_hal_rcc.o
 .debug_line    0x00000000000071eb      0x700 Drivers/STM32F1xx_HAL_Driver/Src/stm32f1xx_hal_rcc_ex.o
 .debug_line    0x00000000000078eb      0xb2c Drivers/STM32F1xx_HAL_Driver/Src/stm32f1xx_ll_usb.o
 .debug_line    0x0000000000008417      0xafd Middlewares/ST/STM32_USB_Device_Library/Class/CDC/Src/usbd_cdc.o
 .debug_line    0x0000000000008f14      0xb38 Middlewares/ST/STM32_USB_Device_Library/Core/Src/usbd_core.o
 .debug_line    0x0000000000009a4c      0xbc1 Middlewares/ST/STM32_USB_Device_Library/Core/Src/usbd_ctlreq.o
 .debug_line    0x000000000000a60d      0x9a1 Middlewares/ST/STM32_USB_Device_Library/Core/Src/usbd_ioreq.o
 .debug_line    0x000000000000afae      0x983 USB_DEVICE/App/usb_device.o
 .debug_line    0x000000000000b931      0x9b6 USB_DEVICE/App/usbd_cdc_if.o
 .debug_line    0x000000000000c2e7      0x9d5 USB_DEVICE/App/usbd_desc.o
 .debug_line    0x000000000000ccbc      0xbbe USB_DEVICE/Target/usbd_conf.o

.debug_str      0x0000000000000000    0x6fc9c
 .debug_str     0x0000000000000000    0x6be72 Core/Src/main.o
                                      0x6c23f (size before relaxing)
 .debug_str     0x000000000006be72       0x81 Core/Src/stm32f1xx_hal_msp.o
                                      0x67487 (size before relaxing)
 .debug_str     0x000000000006bef3      0x395 Core/Src/stm32f1xx_it.o
                                      0x67329 (size before relaxing)
 .debug_str     0x000000000006c288      0x4d1 Core/Src/sysmem.o
                                       0x7ab5 (size before relaxing)
 .debug_str     0x000000000006c759       0xc2 Core/Src/system_stm32f1xx.o
                                      0x66fde (size before relaxing)
 .debug_str     0x000000000006c81b       0x36 Core/Startup/startup_stm32f103c8tx.o
                                         0x5a (size before relaxing)
 .debug_str     0x000000000006c851      0x61f Drivers/STM32F1xx_HAL_Driver/Src/stm32f1xx_hal.o
                                      0x675ef (size before relaxing)
 .debug_str     0x000000000006ce70      0x2a0 Drivers/STM32F1xx_HAL_Driver/Src/stm32f1xx_hal_cortex.o
                                      0x675fd (size before relaxing)
 .debug_str     0x000000000006d110      0x324 Drivers/STM32F1xx_HAL_Driver/Src/stm32f1xx_hal_gpio.o
                                      0x67328 (size before relaxing)
 .debug_str     0x000000000006d434      0xb55 Drivers/STM32F1xx_HAL_Driver/Src/stm32f1xx_hal_i2c.o
                                      0x67f54 (size before relaxing)
 .debug_str     0x000000000006df89      0x3af Drivers/STM32F1xx_HAL_Driver/Src/stm32f1xx_hal_pcd.o
                                      0x6760f (size before relaxing)
 .debug_str     0x000000000006e338      0x18d Drivers/STM32F1xx_HAL_Driver/Src/stm32f1xx_hal_pcd_ex.o
                                      0x673eb (size before relaxing)
 .debug_str     0x000000000006e4c5      0x258 Drivers/STM32F1xx_HAL_Driver/Src/stm32f1xx_hal_rcc.o
                                      0x67361 (size before relaxing)
 .debug_str     0x000000000006e71d       0xb9 Drivers/STM32F1xx_HAL_Driver/Src/stm32f1xx_hal_rcc_ex.o
                                      0x670ee (size before relaxing)
 .debug_str     0x000000000006e7d6      0x304 Drivers/STM32F1xx_HAL_Driver/Src/stm32f1xx_ll_usb.o
                                      0x67455 (size before relaxing)
 .debug_str     0x000000000006eada      0x8c6 Middlewares/ST/STM32_USB_Device_Library/Class/CDC/Src/usbd_cdc.o
                                      0x6c77f (size before relaxing)
 .debug_str     0x000000000006f3a0      0x1b5 Middlewares/ST/STM32_USB_Device_Library/Core/Src/usbd_core.o
                                      0x6c093 (size before relaxing)
 .debug_str     0x000000000006f555      0x134 Middlewares/ST/STM32_USB_Device_Library/Core/Src/usbd_ctlreq.o
                                      0x6c019 (size before relaxing)
 .debug_str     0x000000000006f689       0xc9 Middlewares/ST/STM32_USB_Device_Library/Core/Src/usbd_ioreq.o
                                      0x6bfa1 (size before relaxing)
 .debug_str     0x000000000006f752       0xec USB_DEVICE/App/usb_device.o
                                      0x6c2dc (size before relaxing)
 .debug_str     0x000000000006f83e       0xb2 USB_DEVICE/App/usbd_cdc_if.o
                                      0x6c340 (size before relaxing)
 .debug_str     0x000000000006f8f0      0x258 USB_DEVICE/App/usbd_desc.o
                                      0x6bf0c (size before relaxing)
 .debug_str     0x000000000006fb48      0x154 USB_DEVICE/Target/usbd_conf.o
                                      0x6cba5 (size before relaxing)

.comment        0x0000000000000000       0x7b
 .comment       0x0000000000000000       0x7b Core/Src/main.o
                                         0x7c (size before relaxing)
 .comment       0x000000000000007b       0x7c Core/Src/stm32f1xx_hal_msp.o
 .comment       0x000000000000007b       0x7c Core/Src/stm32f1xx_it.o
 .comment       0x000000000000007b       0x7c Core/Src/sysmem.o
 .comment       0x000000000000007b       0x7c Core/Src/system_stm32f1xx.o
 .comment       0x000000000000007b       0x7c Drivers/STM32F1xx_HAL_Driver/Src/stm32f1xx_hal.o
 .comment       0x000000000000007b       0x7c Drivers/STM32F1xx_HAL_Driver/Src/stm32f1xx_hal_cortex.o
 .comment       0x000000000000007b       0x7c Drivers/STM32F1xx_HAL_Driver/Src/stm32f1xx_hal_gpio.o
 .comment       0x000000000000007b       0x7c Drivers/STM32F1xx_HAL_Driver/Src/stm32f1xx_hal_i2c.o
 .comment       0x000000000000007b       0x7c Drivers/STM32F1xx_HAL_Driver/Src/stm32f1xx_hal_pcd.o
 .comment       0x000000000000007b       0x7c Drivers/STM32F1xx_HAL_Driver/Src/stm32f1xx_hal_pcd_ex.o
 .comment       0x000000000000007b       0x7c Drivers/STM32F1xx_HAL_Driver/Src/stm32f1xx_hal_rcc.o
 .comment       0x000000000000007b       0x7c Drivers/STM32F1xx_HAL_Driver/Src/stm32f1xx_hal_rcc_ex.o
 .comment       0x000000000000007b       0x7c Drivers/STM32F1xx_HAL_Driver/Src/stm32f1xx_ll_usb.o
 .comment       0x000000000000007b       0x7c Middlewares/ST/STM32_USB_Device_Library/Class/CDC/Src/usbd_cdc.o
 .comment       0x000000000000007b       0x7c Middlewares/ST/STM32_USB_Device_Library/Core/Src/usbd_core.o
 .comment       0x000000000000007b       0x7c Middlewares/ST/STM32_USB_Device_Library/Core/Src/usbd_ctlreq.o
 .comment       0x000000000000007b       0x7c Middlewares/ST/STM32_USB_Device_Library/Core/Src/usbd_ioreq.o
 .comment       0x000000000000007b       0x7c USB_DEVICE/App/usb_device.o
 .comment       0x000000000000007b       0x7c USB_DEVICE/App/usbd_cdc_if.o
 .comment       0x000000000000007b       0x7c USB_DEVICE/App/usbd_desc.o
 .comment       0x000000000000007b       0x7c USB_DEVICE/Target/usbd_conf.o

.debug_frame    0x0000000000000000     0x37d4
 .debug_frame   0x0000000000000000       0xb8 Core/Src/main.o
 .debug_frame   0x00000000000000b8       0x80 Core/Src/stm32f1xx_hal_msp.o
 .debug_frame   0x0000000000000138      0x128 Core/Src/stm32f1xx_it.o
 .debug_frame   0x0000000000000260       0x34 Core/Src/sysmem.o
 .debug_frame   0x0000000000000294       0x58 Core/Src/system_stm32f1xx.o
 .debug_frame   0x00000000000002ec      0x334 Drivers/STM32F1xx_HAL_Driver/Src/stm32f1xx_hal.o
 .debug_frame   0x0000000000000620      0x428 Drivers/STM32F1xx_HAL_Driver/Src/stm32f1xx_hal_cortex.o
 .debug_frame   0x0000000000000a48      0x14c Drivers/STM32F1xx_HAL_Driver/Src/stm32f1xx_hal_gpio.o
 .debug_frame   0x0000000000000b94      0xc08 Drivers/STM32F1xx_HAL_Driver/Src/stm32f1xx_hal_i2c.o
 .debug_frame   0x000000000000179c      0x500 Drivers/STM32F1xx_HAL_Driver/Src/stm32f1xx_hal_pcd.o
 .debug_frame   0x0000000000001c9c       0xb0 Drivers/STM32F1xx_HAL_Driver/Src/stm32f1xx_hal_pcd_ex.o
 .debug_frame   0x0000000000001d4c      0x21c Drivers/STM32F1xx_HAL_Driver/Src/stm32f1xx_hal_rcc.o
 .debug_frame   0x0000000000001f68       0x84 Drivers/STM32F1xx_HAL_Driver/Src/stm32f1xx_hal_rcc_ex.o
 .debug_frame   0x0000000000001fec      0x4d8 Drivers/STM32F1xx_HAL_Driver/Src/stm32f1xx_ll_usb.o
 .debug_frame   0x00000000000024c4      0x248 Middlewares/ST/STM32_USB_Device_Library/Class/CDC/Src/usbd_cdc.o
 .debug_frame   0x000000000000270c      0x300 Middlewares/ST/STM32_USB_Device_Library/Core/Src/usbd_core.o
 .debug_frame   0x0000000000002a0c      0x218 Middlewares/ST/STM32_USB_Device_Library/Core/Src/usbd_ctlreq.o
 .debug_frame   0x0000000000002c24      0x10c Middlewares/ST/STM32_USB_Device_Library/Core/Src/usbd_ioreq.o
 .debug_frame   0x0000000000002d30       0x2c USB_DEVICE/App/usb_device.o
 .debug_frame   0x0000000000002d5c       0xbc USB_DEVICE/App/usbd_cdc_if.o
 .debug_frame   0x0000000000002e18      0x160 USB_DEVICE/App/usbd_desc.o
 .debug_frame   0x0000000000002f78      0x4a4 USB_DEVICE/Target/usbd_conf.o