15:45:56 **** Incremental Build of configuration Debug for project Blink ****
make -j8 all 
arm-none-eabi-gcc "../Core/Src/main.c" -mcpu=cortex-m3 -std=gnu11 -g3 -DUSE_HAL_DRIVER -DSTM32F103xB -DDEBUG -c -I../USB_DEVICE/Target -I../Drivers/CMSIS/Device/ST/STM32F1xx/Include -I../Drivers/CMSIS/Include -I../Core/Inc -I../Middlewares/ST/STM32_USB_Device_Library/Class/CDC/Inc -I../USB_DEVICE/App -I../Drivers/STM32F1xx_HAL_Driver/Inc/Legacy -I../Drivers/STM32F1xx_HAL_Driver/Inc -I../Middlewares/ST/STM32_USB_Device_Library/Core/Inc -O0 -ffunction-sections -fdata-sections -Wall -fstack-usage -MMD -MP -MF"Core/Src/main.d" -MT"Core/Src/main.o" --specs=nano.specs -mfloat-abi=soft -mthumb -o "Core/Src/main.o"
arm-none-eabi-g++ -o "Blink.elf" @"objects.list"   -mcpu=cortex-m3 -T"E:\Mercury\STM32_Mercury\Blink\STM32F103C8TX_FLASH.ld" --specs=nosys.specs -Wl,-Map="Blink.map" -Wl,--gc-sections -static --specs=nano.specs -mfloat-abi=soft -mthumb -Wl,--start-group -lc -lm -lstdc++ -lsupc++ -Wl,--end-group
Finished building target: Blink.elf
 
arm-none-eabi-objdump -h -S  Blink.elf  > "Blink.list"
arm-none-eabi-objcopy  -O binary  Blink.elf  "Blink.bin"
arm-none-eabi-size   Blink.elf 
   text	   data	    bss	    dec	    hex	filename
  26040	    488	   6208	  32736	   7fe0	Blink.elf
Finished building: default.size.stdout
 
Finished building: Blink.bin
 
Finished building: Blink.list
 

15:45:58 Build Finished. 0 errors, 0 warnings. (took 2s.393ms)

